yeast
2014/02/28---08:45:01 --------------------------------------------------------------------------
2014/02/28---08:45:01 >>>>>> BSP reconciliation to Stella Report
2014/02/28---08:45:01 --------------------------------------------------------------------------
2014/02/28---08:45:01 Setting variables
The Oracle base for ORACLE_HOME=/Oracle/SHG/app/oracleshg/product/11.2.0/dbhome_1 is /Oracle/SHG/app/oracleshg
PATH set to: /jdk/jre/bin:/jdk/bin:/usr/local/bin:/usr/bin:/etc:/usr/sbin:/usr/ucb:/home/dw/bin:/usr/bin/X11:/sbin:/bin:.:/Oracle/SHG/app/oracleshg/product/11.2.0/dbhome_1/bin
CLASSPATH set to: /jdk/jre/lib:/Oracle/SHG/app/oracleshg/product/11.2.0/dbhome_1/jlib:/Oracle/SHG/app/oracleshg/product/11.2.0/dbhome_1/lib/xsu12.jar:/Oracle/SHG/app/oracleshg/product/11.2.0/dbhome_1/lib/xmlparserv2.jar:/Oracle/SHG/app/oracleshg/product/11.2.0/dbhome_1/lib/xmlcomp.jar:/Oracle/SHG/app/oracleshg/product/11.2.0/dbhome_1/jdbc/lib/classes12.jar:/Oracle/SHG/app/oracleshg/product/11.2.0/dbhome_1/jdbc/lib/nls_charset12.jar:/Oracle/SHG/app/oracleshg/product/11.2.0/dbhome_1/lib/oraclexsql.jar:/Oracle/SHG/app/oracleshg/product/11.2.0/dbhome_1/lib/xsqlserializers.jar:/Oracle/SHG/app/oracleshg/product/11.2.0/dbhome_1/rdbms/jlib/xdb.jar
2014/02/28---08:45:02 Run the stored proc that runs the report
2014/02/28---08:46:51 display logfile contents:

PL/SQL procedure successfully completed.

2014/02/28---08:46:51 Test for errors
Logfile: /home/dw/DWLIVE/stella/run_bsp_reconcilication.lst
2014/02/28---08:46:51 Need error email?
2014/02/28---08:46:51 email summary
Logfile: /home/dw/DWLIVE/stella/run_bsp_reconcilication.lst
2014/02/28---08:46:52 Need summ email?
2014/02/28---08:46:52 END OF PROGRAM
