
OFFICE_CODE||','||APTOS_EXTRACTED_DATE||','||SUM(INVOI                                                                              
------------------------------------------------------                                                                              
CRA,01-JUN-00,1357707.94                                                                                                            
CRA,05-JUN-00,721164.38                                                                                                             
PAL,02-JUN-00,125134069.26                                                                                                          
PAL,05-JUN-00,121783021.1                                                                                                           
PAL,06-JUN-00,128466987.45                                                                                                          
PAL,07-JUN-00,101377939.9                                                                                                           
PAL,08-JUN-00,61469391                                                                                                              
PAL,09-JUN-00,77348507.1                                                                                                            

8 rows selected.

