SQL_DWL>l
  1  select office_code||','||aptos_extracted_date||','||sum(invoice_amt)
  2  from invoice
  3  group by office_code,aptos_extracted_date
  4* order by aptos_extracted_date,office_code
SQL_DWL>/

OFFICE_CODE||','||APTOS_EXTRACTED_DATE||','||SUM(INVOI                                                                              
------------------------------------------------------                                                                              
CRA,03-DEC-99,20673                                                                                                                 
CRA,07-DEC-99,210970.87                                                                                                             
,10-DEC-99,12768                                                                                                                    
PAL,13-DEC-99,1207080                                                                                                               
CRA,14-DEC-99,251105.4                                                                                                              
,14-DEC-99,28070                                                                                                                    
PAL,15-DEC-99,14757798                                                                                                              
PAL,17-DEC-99,24321937                                                                                                              
PAL,20-DEC-99,45927788                                                                                                              
CRA,07-JAN-00,1635679.28                                                                                                            
PAL,12-JAN-00,608486189.02                                                                                                          
CRA,13-JAN-00,457926.6                                                                                                              
PAL,13-JAN-00,14348666                                                                                                              
CRA,18-JAN-00,414990.38                                                                                                             
PAL,19-JAN-00,186912607.7                                                                                                           
CRA,20-JAN-00,262510.25                                                                                                             
PAL,21-JAN-00,41581703.2                                                                                                            
PAL,26-JAN-00,194883073.2                                                                                                           
CRA,27-JAN-00,202813.44                                                                                                             
PAL,28-JAN-00,61770346.4                                                                                                            
PAL,31-JAN-00,89333252                                                                                                              
PAL,01-FEB-00,24836308                                                                                                              
CRA,02-FEB-00,356364.87                                                                                                             
CRA,04-FEB-00,254784.85                                                                                                             
CRA,07-FEB-00,409979.11                                                                                                             
PAL,07-FEB-00,97502790.6                                                                                                            
PAL,09-FEB-00,121334119                                                                                                             
CRA,11-FEB-00,1048394.25                                                                                                            
PAL,14-FEB-00,140645404                                                                                                             
PAL,15-FEB-00,126551001.52                                                                                                          
PAL,16-FEB-00,68270007.2                                                                                                            
CRA,17-FEB-00,789809.27                                                                                                             
CRA,21-FEB-00,300383.7                                                                                                              
PAL,22-FEB-00,58954341.5                                                                                                            
PAL,23-FEB-00,109759424.1                                                                                                           
PAL,24-FEB-00,119461370.97                                                                                                          
PAL,25-FEB-00,95052922.5                                                                                                            
PAL,28-FEB-00,67710666.9                                                                                                            
PAL,29-FEB-00,63368177                                                                                                              
CRA,03-MAR-00,687174.52                                                                                                             
PAL,06-MAR-00,106796317.9                                                                                                           
CRA,07-MAR-00,237994.01                                                                                                             
CRA,10-MAR-00,202151.46                                                                                                             
PAL,10-MAR-00,330150864.8                                                                                                           
PAL,16-MAR-00,104484035.15                                                                                                          
PAL,17-MAR-00,20788359                                                                                                              
CRA,20-MAR-00,1913307.04                                                                                                            
PAL,20-MAR-00,32763100.8                                                                                                            
PAL,21-MAR-00,43100835.5                                                                                                            
CRA,23-MAR-00,1063348.71                                                                                                            
PAL,23-MAR-00,53147102.03                                                                                                           
PAL,27-MAR-00,141841500.5                                                                                                           
CRA,28-MAR-00,721843.77                                                                                                             
PAL,28-MAR-00,224926597.07                                                                                                          
PAL,30-MAR-00,307691367.1                                                                                                           
CRA,31-MAR-00,710505.01                                                                                                             
CRA,04-APR-00,700830.88                                                                                                             
CRA,05-APR-00,14786.17                                                                                                              
PAL,06-APR-00,110877.99                                                                                                             
PAL,06-APR-00,352996114.36                                                                                                          
PAL,10-APR-00,142827198                                                                                                             
PAL,12-APR-00,934402.29                                                                                                             
PAL,13-APR-00,161668492.59                                                                                                          
PAL,13-APR-00,505108.13                                                                                                             
PAL,14-APR-00,70512991                                                                                                              
PAL,17-APR-00,19947411.1                                                                                                            
PAL,17-APR-00,467664.71                                                                                                             
PAL,17-APR-00,103787.14                                                                                                             
PAL,19-APR-00,560462.28                                                                                                             
PAL,25-APR-00,897273.25                                                                                                             
PAL,25-APR-00,228840597.31                                                                                                          
PAL,28-APR-00,23171460                                                                                                              
CRA,02-MAY-00,1118423.66                                                                                                            
PAL,03-MAY-00,1582381                                                                                                               
PAL,03-MAY-00,295085722.68                                                                                                          
CRA,04-MAY-00,958355.75                                                                                                             
PAL,04-MAY-00,46508427                                                                                                              
PAL,05-MAY-00,12657880                                                                                                              
PAL,05-MAY-00,26471302                                                                                                              
PAL,08-MAY-00,10740376                                                                                                              
PAL,11-MAY-00,408196521.6                                                                                                           
PAL,12-MAY-00,64499079.1                                                                                                            
CRA,15-MAY-00,2380101.76                                                                                                            
PAL,15-MAY-00,62218082.2                                                                                                            
PAL,15-MAY-00,56590331                                                                                                              
CRA,16-MAY-00,427236.74                                                                                                             
CRA,19-MAY-00,343316.43                                                                                                             
PAL,19-MAY-00,63540357.55                                                                                                           
PAL,22-MAY-00,55623443.45                                                                                                           
PAL,23-MAY-00,68192945.85                                                                                                           
PAL,24-MAY-00,41706683.8                                                                                                            
PAL,25-MAY-00,43326230.4                                                                                                            
CRA,26-MAY-00,1001128.31                                                                                                            
PAL,26-MAY-00,44569963                                                                                                              
PAL,29-MAY-00,90631797.4                                                                                                            
PAL,30-MAY-00,119384491                                                                                                             
PAL,31-MAY-00,18193332                                                                                                              
CRA,01-JUN-00,1357707.94                                                                                                            
PAL,02-JUN-00,125134069.26                                                                                                          
CRA,05-JUN-00,721164.38                                                                                                             
PAL,05-JUN-00,121783021.1                                                                                                           
PAL,06-JUN-00,128466987.45                                                                                                          
PAL,07-JUN-00,101377939.9                                                                                                           
PAL,08-JUN-00,61469391                                                                                                              
PAL,09-JUN-00,77348507.1                                                                                                            
PAL,12-JUN-00,56799828                                                                                                              
PAL,13-JUN-00,75771963                                                                                                              
CRA,14-JUN-00,3129795.41                                                                                                            
PAL,14-JUN-00,83404726.45                                                                                                           
CRA,20-JUN-00,1033706.2                                                                                                             
PAL,21-JUN-00,288983093.8                                                                                                           
CRA,21-JUN-00,117533.5                                                                                                              
PAL,22-JUN-00,97594321.44                                                                                                           
PAL,26-JUN-00,188845268.81                                                                                                          
CRA,26-JUN-00,602222.91                                                                                                             
PAL,28-JUN-00,147213297.18                                                                                                          
PAL,28-JUN-00,70027421.58                                                                                                           
PAL,29-JUN-00,46293785                                                                                                              
CRA,29-JUN-00,706713.17                                                                                                             
PAL,29-JUN-00,29413401.64                                                                                                           
CRA,01-JUL-00,119876.01                                                                                                             

121 rows selected.

SQL_DWL>spool off
