
Cannot Load - Missing Prop									     Date of e
---------------------------------------------------------------------------------------------------- ---------
 Property Num  :10007 Location Code :  Gateway Code :						     05-JUN-09
 Property Num  :10022 Location Code :  Gateway Code :						     05-JUN-09
 Property Num  :10034 Location Code :  Gateway Code :						     05-JUN-09
 Property Num  :10043 Location Code :  Gateway Code :						     05-JUN-09
 Property Num  :10044 Location Code :  Gateway Code :						     05-JUN-09
 Property Num  :10045 Location Code :  Gateway Code :						     05-JUN-09
 Property Num  :10056 Location Code : 2271 Gateway Code :					     05-JUN-09
 Property Num  :10060 Location Code : 2182 Gateway Code :					     05-JUN-09
 Property Num  :10075 Location Code :  Gateway Code :						     05-JUN-09
 Property Num  :10084 Location Code :  Gateway Code :						     05-JUN-09
 Property Num  :10086 Location Code :  Gateway Code :						     05-JUN-09
 Property Num  :10091 Location Code :  Gateway Code :						     05-JUN-09
 Property Num  :10100 Location Code :  Gateway Code :						     05-JUN-09
 Property Num  :10111 Location Code :  Gateway Code :						     05-JUN-09
 Property Num  :10116 Location Code :  Gateway Code :						     05-JUN-09
 Property Num  :10117 Location Code :  Gateway Code :						     05-JUN-09
 Property Num  :10156 Location Code : 2131 Gateway Code :					     05-JUN-09
 Property Num  :10177 Location Code :  Gateway Code :						     05-JUN-09
 Property Num  :10183 Location Code :  Gateway Code :						     05-JUN-09
 Property Num  :10185 Location Code :  Gateway Code :						     05-JUN-09
 Property Num  :10189 Location Code :  Gateway Code :						     05-JUN-09
 Property Num  :10221 Location Code : 2075 Gateway Code :					     05-JUN-09
 Property Num  :10254 Location Code :  Gateway Code :						     05-JUN-09
 Property Num  :10255 Location Code :  Gateway Code :						     05-JUN-09
 Property Num  :10257 Location Code :  Gateway Code :						     05-JUN-09
 Property Num  :10274 Location Code : 2276 Gateway Code :					     05-JUN-09
 Property Num  :10300 Location Code : 2278 Gateway Code :					     05-JUN-09
 Property Num  :10326 Location Code :  Gateway Code :						     05-JUN-09
 Property Num  :10336 Location Code : 2280 Gateway Code :					     05-JUN-09
 Property Num  :10338 Location Code :  Gateway Code :						     05-JUN-09
 Property Num  :10348 Location Code : 2028 Gateway Code :					     05-JUN-09
 Property Num  :10360 Location Code :  Gateway Code :						     05-JUN-09
 Property Num  :10363 Location Code :  Gateway Code :						     05-JUN-09
 Property Num  :10366 Location Code :  Gateway Code :						     05-JUN-09
 Property Num  :10376 Location Code :  Gateway Code :						     05-JUN-09
 Property Num  :10383 Location Code :  Gateway Code :						     05-JUN-09
 Property Num  :10385 Location Code :  Gateway Code :						     05-JUN-09
 Property Num  :10392 Location Code : 447  Gateway Code :					     05-JUN-09
 Property Num  :10402 Location Code :  Gateway Code :						     05-JUN-09
 Property Num  :10409 Location Code :  Gateway Code :						     05-JUN-09
 Property Num  :10417 Location Code :  Gateway Code :						     05-JUN-09
 Property Num  :10421 Location Code : 2282 Gateway Code :					     05-JUN-09
 Property Num  :10422 Location Code :  Gateway Code :						     05-JUN-09
 Property Num  :10423 Location Code :  Gateway Code :						     05-JUN-09
 Property Num  :10424 Location Code : 2283 Gateway Code :					     05-JUN-09
 Property Num  :10435 Location Code :  Gateway Code :						     05-JUN-09
 Property Num  :10436 Location Code :  Gateway Code :						     05-JUN-09
 Property Num  :10442 Location Code :  Gateway Code :						     05-JUN-09
 Property Num  :1045 Location Code : 696  Gateway Code :					     05-JUN-09
 Property Num  :10459 Location Code :  Gateway Code :						     05-JUN-09
 Property Num  :10462 Location Code :  Gateway Code :						     05-JUN-09
 Property Num  :10489 Location Code :  Gateway Code :						     05-JUN-09
 Property Num  :10490 Location Code :  Gateway Code :						     05-JUN-09
 Property Num  :10504 Location Code :  Gateway Code :						     05-JUN-09
 Property Num  :10506 Location Code :  Gateway Code :						     05-JUN-09
 Property Num  :10510 Location Code :  Gateway Code :						     05-JUN-09
 Property Num  :10519 Location Code :  Gateway Code :						     05-JUN-09
 Property Num  :10529 Location Code :  Gateway Code :						     05-JUN-09
 Property Num  :10532 Location Code :  Gateway Code :						     05-JUN-09
 Property Num  :10534 Location Code : 2285 Gateway Code :					     05-JUN-09
 Property Num  :10541 Location Code :  Gateway Code :						     05-JUN-09
 Property Num  :10546 Location Code :  Gateway Code :						     05-JUN-09
 Property Num  :10556 Location Code :  Gateway Code :						     05-JUN-09
 Property Num  :10558 Location Code :  Gateway Code :						     05-JUN-09
 Property Num  :10564 Location Code : 1637 Gateway Code :					     05-JUN-09
 Property Num  :10582 Location Code :  Gateway Code :						     05-JUN-09
 Property Num  :10596 Location Code :  Gateway Code :						     05-JUN-09
 Property Num  :10611 Location Code :  Gateway Code :						     05-JUN-09
 Property Num  :10618 Location Code :  Gateway Code :						     05-JUN-09
 Property Num  :10636 Location Code :  Gateway Code :						     05-JUN-09
 Property Num  :10637 Location Code :  Gateway Code :						     05-JUN-09
 Property Num  :10670 Location Code :  Gateway Code :						     05-JUN-09
 Property Num  :10671 Location Code :  Gateway Code :						     05-JUN-09
 Property Num  :10672 Location Code : 2291 Gateway Code :					     05-JUN-09
 Property Num  :10678 Location Code :  Gateway Code :						     05-JUN-09
 Property Num  :10687 Location Code : 2136 Gateway Code :					     05-JUN-09
 Property Num  :10689 Location Code :  Gateway Code :						     05-JUN-09
 Property Num  :10690 Location Code : 2292 Gateway Code :					     05-JUN-09
 Property Num  :10694 Location Code :  Gateway Code :						     05-JUN-09
 Property Num  :10714 Location Code :  Gateway Code :						     05-JUN-09
 Property Num  :10738 Location Code :  Gateway Code :						     05-JUN-09
 Property Num  :10751 Location Code : 2208 Gateway Code :					     05-JUN-09
 Property Num  :10764 Location Code : 2208 Gateway Code :					     05-JUN-09
 Property Num  :10766 Location Code : 2028 Gateway Code :					     05-JUN-09
 Property Num  :10769 Location Code :  Gateway Code :						     05-JUN-09
 Property Num  :10809 Location Code :  Gateway Code :						     05-JUN-09
 Property Num  :10835 Location Code :  Gateway Code :						     05-JUN-09
 Property Num  :10836 Location Code : 2207 Gateway Code :					     05-JUN-09
 Property Num  :10838 Location Code :  Gateway Code :						     05-JUN-09
 Property Num  :10839 Location Code :  Gateway Code :						     05-JUN-09
 Property Num  :10840 Location Code :  Gateway Code :						     05-JUN-09
 Property Num  :10851 Location Code :  Gateway Code :						     05-JUN-09
 Property Num  :10853 Location Code : 1110 Gateway Code :					     05-JUN-09
 Property Num  :10865 Location Code :  Gateway Code :						     05-JUN-09
 Property Num  :10873 Location Code :  Gateway Code :						     05-JUN-09
 Property Num  :10909 Location Code :  Gateway Code :						     05-JUN-09
 Property Num  :10911 Location Code :  Gateway Code :						     05-JUN-09

Cannot Load - Missing Prop									     Date of e
---------------------------------------------------------------------------------------------------- ---------
 Property Num  :10913 Location Code :  Gateway Code :						     05-JUN-09
 Property Num  :10917 Location Code :  Gateway Code :						     05-JUN-09
 Property Num  :10920 Location Code :  Gateway Code :						     05-JUN-09
 Property Num  :10925 Location Code :  Gateway Code :						     05-JUN-09
 Property Num  :10926 Location Code :  Gateway Code :						     05-JUN-09
 Property Num  :10931 Location Code :  Gateway Code :						     05-JUN-09
 Property Num  :10932 Location Code :  Gateway Code :						     05-JUN-09
 Property Num  :10934 Location Code :  Gateway Code :						     05-JUN-09
 Property Num  :10977 Location Code :  Gateway Code :						     05-JUN-09
 Property Num  :10991 Location Code :  Gateway Code :						     05-JUN-09
 Property Num  :11028 Location Code :  Gateway Code :						     05-JUN-09
 Property Num  :11037 Location Code : 2063 Gateway Code :					     05-JUN-09
 Property Num  :11049 Location Code :  Gateway Code :						     05-JUN-09
 Property Num  :11063 Location Code :  Gateway Code :						     05-JUN-09
 Property Num  :11064 Location Code : 2296 Gateway Code :					     05-JUN-09
 Property Num  :11099 Location Code :  Gateway Code :						     05-JUN-09
 Property Num  :11104 Location Code :  Gateway Code :						     05-JUN-09
 Property Num  :11107 Location Code :  Gateway Code :						     05-JUN-09
 Property Num  :11108 Location Code :  Gateway Code :						     05-JUN-09
 Property Num  :11109 Location Code :  Gateway Code :						     05-JUN-09
 Property Num  :11119 Location Code :  Gateway Code :						     05-JUN-09
 Property Num  :11162 Location Code :  Gateway Code :						     05-JUN-09
 Property Num  :11167 Location Code :  Gateway Code :						     05-JUN-09
 Property Num  :11168 Location Code :  Gateway Code :						     05-JUN-09
 Property Num  :11195 Location Code :  Gateway Code :						     05-JUN-09
 Property Num  :11196 Location Code :  Gateway Code :						     05-JUN-09
 Property Num  :11197 Location Code :  Gateway Code :						     05-JUN-09
 Property Num  :11199 Location Code :  Gateway Code :						     05-JUN-09
 Property Num  :11203 Location Code :  Gateway Code :						     05-JUN-09
 Property Num  :11204 Location Code :  Gateway Code :						     05-JUN-09
 Property Num  :11206 Location Code :  Gateway Code :						     05-JUN-09
 Property Num  :11223 Location Code : 722  Gateway Code :					     05-JUN-09
 Property Num  :11275 Location Code :  Gateway Code :						     05-JUN-09
 Property Num  :11280 Location Code :  Gateway Code :						     05-JUN-09
 Property Num  :11283 Location Code :  Gateway Code :						     05-JUN-09
 Property Num  :11290 Location Code :  Gateway Code :						     05-JUN-09
 Property Num  :11311 Location Code :  Gateway Code :						     05-JUN-09
 Property Num  :11363 Location Code :  Gateway Code :						     05-JUN-09
 Property Num  :11373 Location Code :  Gateway Code :						     05-JUN-09
 Property Num  :11390 Location Code :  Gateway Code :						     05-JUN-09
 Property Num  :11395 Location Code :  Gateway Code :						     05-JUN-09
 Property Num  :11399 Location Code :  Gateway Code :						     05-JUN-09
 Property Num  :11410 Location Code :  Gateway Code :						     05-JUN-09
 Property Num  :11420 Location Code :  Gateway Code :						     05-JUN-09
 Property Num  :11439 Location Code : 722  Gateway Code :					     05-JUN-09
 Property Num  :11512 Location Code :  Gateway Code :						     05-JUN-09
 Property Num  :11524 Location Code :  Gateway Code :						     05-JUN-09
 Property Num  :11559 Location Code :  Gateway Code :						     05-JUN-09
 Property Num  :11563 Location Code :  Gateway Code :						     05-JUN-09
 Property Num  :11579 Location Code :  Gateway Code :						     05-JUN-09
 Property Num  :11616 Location Code :  Gateway Code :						     05-JUN-09
 Property Num  :11654 Location Code :  Gateway Code :						     05-JUN-09
 Property Num  :11673 Location Code :  Gateway Code :						     05-JUN-09
 Property Num  :11679 Location Code :  Gateway Code :						     05-JUN-09
 Property Num  :11700 Location Code : 2306 Gateway Code :					     05-JUN-09
 Property Num  :11731 Location Code :  Gateway Code :						     05-JUN-09
 Property Num  :11750 Location Code :  Gateway Code :						     05-JUN-09
 Property Num  :11761 Location Code :  Gateway Code :						     05-JUN-09
 Property Num  :11765 Location Code :  Gateway Code :						     05-JUN-09
 Property Num  :11770 Location Code : 2136 Gateway Code :					     05-JUN-09
 Property Num  :11771 Location Code : 447  Gateway Code :					     05-JUN-09
 Property Num  :11796 Location Code :  Gateway Code :						     05-JUN-09
 Property Num  :11812 Location Code :  Gateway Code :						     05-JUN-09
 Property Num  :11834 Location Code :  Gateway Code :						     05-JUN-09
 Property Num  :11841 Location Code :  Gateway Code :						     05-JUN-09
 Property Num  :11852 Location Code :  Gateway Code :						     05-JUN-09
 Property Num  :11872 Location Code :  Gateway Code :						     05-JUN-09
 Property Num  :11903 Location Code :  Gateway Code :						     05-JUN-09
 Property Num  :11908 Location Code :  Gateway Code :						     05-JUN-09
 Property Num  :11910 Location Code :  Gateway Code :						     05-JUN-09
 Property Num  :11912 Location Code :  Gateway Code :						     05-JUN-09
 Property Num  :11928 Location Code :  Gateway Code :						     05-JUN-09
 Property Num  :11937 Location Code :  Gateway Code :						     05-JUN-09
 Property Num  :11963 Location Code :  Gateway Code :						     05-JUN-09
 Property Num  :11964 Location Code :  Gateway Code :						     05-JUN-09
 Property Num  :11965 Location Code :  Gateway Code :						     05-JUN-09
 Property Num  :11976 Location Code :  Gateway Code :						     05-JUN-09
 Property Num  :11977 Location Code :  Gateway Code :						     05-JUN-09
 Property Num  :12021 Location Code :  Gateway Code :						     05-JUN-09
 Property Num  :12042 Location Code :  Gateway Code :						     05-JUN-09
 Property Num  :12067 Location Code :  Gateway Code :						     05-JUN-09
 Property Num  :12068 Location Code :  Gateway Code :						     05-JUN-09
 Property Num  :12069 Location Code :  Gateway Code :						     05-JUN-09
 Property Num  :12071 Location Code :  Gateway Code :						     05-JUN-09
 Property Num  :12096 Location Code :  Gateway Code :						     05-JUN-09
 Property Num  :12099 Location Code : 2315 Gateway Code :					     05-JUN-09
 Property Num  :12100 Location Code :  Gateway Code :						     05-JUN-09
 Property Num  :12101 Location Code :  Gateway Code :						     05-JUN-09
 Property Num  :12104 Location Code :  Gateway Code :						     05-JUN-09
 Property Num  :12108 Location Code :  Gateway Code :						     05-JUN-09
 Property Num  :12115 Location Code :  Gateway Code :						     05-JUN-09
 Property Num  :12126 Location Code :  Gateway Code :						     05-JUN-09
 Property Num  :12145 Location Code :  Gateway Code :						     05-JUN-09
 Property Num  :1215 Location Code : 47   Gateway Code :					     05-JUN-09
 Property Num  :12150 Location Code :  Gateway Code :						     05-JUN-09
 Property Num  :12201 Location Code :  Gateway Code :						     05-JUN-09
 Property Num  :12212 Location Code :  Gateway Code :						     05-JUN-09

Cannot Load - Missing Prop									     Date of e
---------------------------------------------------------------------------------------------------- ---------
 Property Num  :12215 Location Code :  Gateway Code :						     05-JUN-09
 Property Num  :1222 Location Code : 406  Gateway Code :					     05-JUN-09
 Property Num  :12221 Location Code :  Gateway Code :						     05-JUN-09
 Property Num  :12224 Location Code :  Gateway Code :						     05-JUN-09
 Property Num  :12230 Location Code :  Gateway Code :						     05-JUN-09
 Property Num  :12256 Location Code :  Gateway Code :						     05-JUN-09
 Property Num  :12273 Location Code :  Gateway Code :						     05-JUN-09
 Property Num  :12274 Location Code :  Gateway Code :						     05-JUN-09
 Property Num  :12275 Location Code :  Gateway Code :						     05-JUN-09
 Property Num  :12295 Location Code : 2027 Gateway Code :					     05-JUN-09
 Property Num  :12309 Location Code :  Gateway Code :						     05-JUN-09
 Property Num  :12312 Location Code :  Gateway Code :						     05-JUN-09
 Property Num  :12317 Location Code : 1128 Gateway Code :					     05-JUN-09
 Property Num  :12326 Location Code : 1128 Gateway Code :					     05-JUN-09
 Property Num  :12337 Location Code :  Gateway Code :						     05-JUN-09
 Property Num  :12354 Location Code :  Gateway Code :						     05-JUN-09
 Property Num  :12358 Location Code :  Gateway Code :						     05-JUN-09
 Property Num  :12371 Location Code :  Gateway Code :						     05-JUN-09
 Property Num  :12380 Location Code :  Gateway Code :						     05-JUN-09
 Property Num  :12417 Location Code :  Gateway Code :						     05-JUN-09
 Property Num  :12429 Location Code :  Gateway Code :						     05-JUN-09
 Property Num  :12460 Location Code :  Gateway Code :						     05-JUN-09
 Property Num  :12464 Location Code : 2317 Gateway Code :					     05-JUN-09
 Property Num  :12465 Location Code :  Gateway Code :						     05-JUN-09
 Property Num  :12470 Location Code :  Gateway Code :						     05-JUN-09
 Property Num  :1249 Location Code : 129  Gateway Code :					     05-JUN-09
 Property Num  :12498 Location Code :  Gateway Code :						     05-JUN-09
 Property Num  :12504 Location Code :  Gateway Code :						     05-JUN-09
 Property Num  :12505 Location Code :  Gateway Code :						     05-JUN-09
 Property Num  :12528 Location Code :  Gateway Code :						     05-JUN-09
 Property Num  :12543 Location Code :  Gateway Code :						     05-JUN-09
 Property Num  :12545 Location Code :  Gateway Code :						     05-JUN-09
 Property Num  :12552 Location Code :  Gateway Code :						     05-JUN-09
 Property Num  :12564 Location Code :  Gateway Code :						     05-JUN-09
 Property Num  :12573 Location Code :  Gateway Code :						     05-JUN-09
 Property Num  :12589 Location Code :  Gateway Code :						     05-JUN-09
 Property Num  :12620 Location Code :  Gateway Code :						     05-JUN-09
 Property Num  :12638 Location Code :  Gateway Code :						     05-JUN-09
 Property Num  :12642 Location Code :  Gateway Code :						     05-JUN-09
 Property Num  :12672 Location Code :  Gateway Code :						     05-JUN-09
 Property Num  :12682 Location Code :  Gateway Code :						     05-JUN-09
 Property Num  :12685 Location Code :  Gateway Code :						     05-JUN-09
 Property Num  :12687 Location Code :  Gateway Code :						     05-JUN-09
 Property Num  :12698 Location Code :  Gateway Code :						     05-JUN-09
 Property Num  :12705 Location Code : 447  Gateway Code :					     05-JUN-09
 Property Num  :12720 Location Code : 1233 Gateway Code :					     05-JUN-09
 Property Num  :12728 Location Code :  Gateway Code :						     05-JUN-09
 Property Num  :12741 Location Code :  Gateway Code :						     05-JUN-09
 Property Num  :12746 Location Code :  Gateway Code :						     05-JUN-09
 Property Num  :12757 Location Code : 722  Gateway Code :					     05-JUN-09
 Property Num  :12784 Location Code : 2208 Gateway Code :					     05-JUN-09
 Property Num  :12796 Location Code :  Gateway Code :						     05-JUN-09
 Property Num  :12807 Location Code :  Gateway Code :						     05-JUN-09
 Property Num  :12808 Location Code : 2321 Gateway Code :					     05-JUN-09
 Property Num  :12810 Location Code :  Gateway Code :						     05-JUN-09
 Property Num  :12816 Location Code :  Gateway Code :						     05-JUN-09
 Property Num  :12822 Location Code :  Gateway Code :						     05-JUN-09
 Property Num  :12824 Location Code :  Gateway Code :						     05-JUN-09
 Property Num  :12829 Location Code :  Gateway Code :						     05-JUN-09
 Property Num  :12830 Location Code :  Gateway Code :						     05-JUN-09
 Property Num  :12847 Location Code :  Gateway Code :						     05-JUN-09
 Property Num  :12850 Location Code :  Gateway Code :						     05-JUN-09
 Property Num  :12858 Location Code :  Gateway Code :						     05-JUN-09
 Property Num  :12859 Location Code : 2322 Gateway Code :					     05-JUN-09
 Property Num  :12864 Location Code :  Gateway Code :						     05-JUN-09
 Property Num  :12871 Location Code : 2323 Gateway Code :					     05-JUN-09
 Property Num  :12913 Location Code :  Gateway Code :						     05-JUN-09
 Property Num  :12937 Location Code :  Gateway Code :						     05-JUN-09
 Property Num  :12954 Location Code :  Gateway Code :						     05-JUN-09
 Property Num  :12973 Location Code :  Gateway Code :						     05-JUN-09
 Property Num  :12974 Location Code :  Gateway Code :						     05-JUN-09
 Property Num  :12981 Location Code : 2326 Gateway Code :					     05-JUN-09
 Property Num  :13024 Location Code :  Gateway Code :						     05-JUN-09
 Property Num  :13032 Location Code :  Gateway Code :						     05-JUN-09
 Property Num  :13033 Location Code :  Gateway Code :						     05-JUN-09
 Property Num  :13042 Location Code :  Gateway Code :						     05-JUN-09
 Property Num  :13045 Location Code :  Gateway Code :						     05-JUN-09
 Property Num  :13047 Location Code :  Gateway Code :						     05-JUN-09
 Property Num  :13061 Location Code :  Gateway Code :						     05-JUN-09
 Property Num  :13070 Location Code :  Gateway Code :						     05-JUN-09
 Property Num  :13071 Location Code :  Gateway Code :						     05-JUN-09
 Property Num  :13077 Location Code :  Gateway Code :						     05-JUN-09
 Property Num  :13079 Location Code : 2339 Gateway Code :					     05-JUN-09
 Property Num  :13103 Location Code :  Gateway Code :						     05-JUN-09
 Property Num  :13104 Location Code :  Gateway Code :						     05-JUN-09
 Property Num  :13109 Location Code :  Gateway Code :						     05-JUN-09
 Property Num  :13115 Location Code :  Gateway Code :						     05-JUN-09
 Property Num  :13133 Location Code :  Gateway Code :						     05-JUN-09
 Property Num  :13150 Location Code :  Gateway Code :						     05-JUN-09
 Property Num  :13187 Location Code :  Gateway Code :						     05-JUN-09
 Property Num  :13208 Location Code :  Gateway Code :						     05-JUN-09
 Property Num  :13229 Location Code :  Gateway Code :						     05-JUN-09
 Property Num  :13235 Location Code : 2340 Gateway Code :					     05-JUN-09
 Property Num  :13239 Location Code :  Gateway Code :						     05-JUN-09
 Property Num  :13266 Location Code :  Gateway Code :						     05-JUN-09
 Property Num  :13273 Location Code :  Gateway Code :						     05-JUN-09
 Property Num  :13275 Location Code :  Gateway Code :						     05-JUN-09

Cannot Load - Missing Prop									     Date of e
---------------------------------------------------------------------------------------------------- ---------
 Property Num  :13277 Location Code :  Gateway Code :						     05-JUN-09
 Property Num  :13305 Location Code :  Gateway Code :						     05-JUN-09
 Property Num  :13323 Location Code : 2190 Gateway Code :					     05-JUN-09
 Property Num  :13329 Location Code :  Gateway Code :						     05-JUN-09
 Property Num  :13334 Location Code :  Gateway Code :						     05-JUN-09
 Property Num  :13350 Location Code :  Gateway Code :						     05-JUN-09
 Property Num  :13361 Location Code : 2341 Gateway Code :					     05-JUN-09
 Property Num  :13364 Location Code :  Gateway Code :						     05-JUN-09
 Property Num  :13367 Location Code :  Gateway Code :						     05-JUN-09
 Property Num  :13371 Location Code :  Gateway Code :						     05-JUN-09
 Property Num  :13372 Location Code :  Gateway Code :						     05-JUN-09
 Property Num  :13377 Location Code : 2340 Gateway Code :					     05-JUN-09
 Property Num  :13378 Location Code :  Gateway Code :						     05-JUN-09
 Property Num  :13380 Location Code :  Gateway Code :						     05-JUN-09
 Property Num  :13381 Location Code :  Gateway Code :						     05-JUN-09
 Property Num  :13396 Location Code : 2342 Gateway Code :					     05-JUN-09
 Property Num  :13404 Location Code : 2343 Gateway Code :					     05-JUN-09
 Property Num  :1403 Location Code : 142  Gateway Code :					     05-JUN-09
 Property Num  :1447 Location Code : 2055 Gateway Code :					     05-JUN-09
 Property Num  :1677 Location Code : 1129 Gateway Code :					     05-JUN-09
 Property Num  :1812 Location Code : 142  Gateway Code :					     05-JUN-09
 Property Num  :2187 Location Code : 2188 Gateway Code :					     05-JUN-09
 Property Num  :2207 Location Code :  Gateway Code :						     05-JUN-09
 Property Num  :2217 Location Code :  Gateway Code :						     05-JUN-09
 Property Num  :2228 Location Code :  Gateway Code :						     05-JUN-09
 Property Num  :2287 Location Code :  Gateway Code :						     05-JUN-09
 Property Num  :2292 Location Code :  Gateway Code :						     05-JUN-09
 Property Num  :2363 Location Code :  Gateway Code :						     05-JUN-09
 Property Num  :2379 Location Code :  Gateway Code :						     05-JUN-09
 Property Num  :2406 Location Code :  Gateway Code :						     05-JUN-09
 Property Num  :2416 Location Code :  Gateway Code :						     05-JUN-09
 Property Num  :2418 Location Code :  Gateway Code :						     05-JUN-09
 Property Num  :2421 Location Code :  Gateway Code :						     05-JUN-09
 Property Num  :2437 Location Code :  Gateway Code :						     05-JUN-09
 Property Num  :2451 Location Code :  Gateway Code :						     05-JUN-09
 Property Num  :2452 Location Code :  Gateway Code :						     05-JUN-09
 Property Num  :2456 Location Code :  Gateway Code :						     05-JUN-09
 Property Num  :2472 Location Code :  Gateway Code :						     05-JUN-09
 Property Num  :2497 Location Code :  Gateway Code :						     05-JUN-09
 Property Num  :2500 Location Code :  Gateway Code :						     05-JUN-09
 Property Num  :2523 Location Code :  Gateway Code :						     05-JUN-09
 Property Num  :2556 Location Code :  Gateway Code :						     05-JUN-09
 Property Num  :2558 Location Code :  Gateway Code :						     05-JUN-09
 Property Num  :2577 Location Code :  Gateway Code :						     05-JUN-09
 Property Num  :2585 Location Code : 1216 Gateway Code :					     05-JUN-09
 Property Num  :2612 Location Code :  Gateway Code :						     05-JUN-09
 Property Num  :2701 Location Code :  Gateway Code :						     05-JUN-09
 Property Num  :2766 Location Code :  Gateway Code :						     05-JUN-09
 Property Num  :2808 Location Code :  Gateway Code :						     05-JUN-09
 Property Num  :2812 Location Code :  Gateway Code :						     05-JUN-09
 Property Num  :2832 Location Code :  Gateway Code :						     05-JUN-09
 Property Num  :2834 Location Code :  Gateway Code :						     05-JUN-09
 Property Num  :2842 Location Code :  Gateway Code :						     05-JUN-09
 Property Num  :2844 Location Code :  Gateway Code :						     05-JUN-09
 Property Num  :2861 Location Code :  Gateway Code :						     05-JUN-09
 Property Num  :2862 Location Code :  Gateway Code :						     05-JUN-09
 Property Num  :2864 Location Code : 1110 Gateway Code :					     05-JUN-09
 Property Num  :2866 Location Code :  Gateway Code :						     05-JUN-09
 Property Num  :2869 Location Code :  Gateway Code :						     05-JUN-09
 Property Num  :2874 Location Code :  Gateway Code :						     05-JUN-09
 Property Num  :2883 Location Code :  Gateway Code :						     05-JUN-09
 Property Num  :2891 Location Code :  Gateway Code :						     05-JUN-09
 Property Num  :2892 Location Code :  Gateway Code :						     05-JUN-09
 Property Num  :2893 Location Code :  Gateway Code :						     05-JUN-09
 Property Num  :2910 Location Code :  Gateway Code :						     05-JUN-09
 Property Num  :2916 Location Code :  Gateway Code :						     05-JUN-09
 Property Num  :2917 Location Code :  Gateway Code :						     05-JUN-09
 Property Num  :2936 Location Code : 1233 Gateway Code :					     05-JUN-09
 Property Num  :2939 Location Code :  Gateway Code :						     05-JUN-09
 Property Num  :2958 Location Code :  Gateway Code :						     05-JUN-09
 Property Num  :2965 Location Code :  Gateway Code :						     05-JUN-09
 Property Num  :2966 Location Code :  Gateway Code :						     05-JUN-09
 Property Num  :2969 Location Code :  Gateway Code :						     05-JUN-09
 Property Num  :2971 Location Code :  Gateway Code :						     05-JUN-09
 Property Num  :2986 Location Code :  Gateway Code :						     05-JUN-09
 Property Num  :2987 Location Code :  Gateway Code :						     05-JUN-09
 Property Num  :299 Location Code : 2208 Gateway Code : 					     05-JUN-09
 Property Num  :2994 Location Code :  Gateway Code :						     05-JUN-09
 Property Num  :3013 Location Code :  Gateway Code :						     05-JUN-09
 Property Num  :3024 Location Code :  Gateway Code :						     05-JUN-09
 Property Num  :3030 Location Code :  Gateway Code :						     05-JUN-09
 Property Num  :3031 Location Code :  Gateway Code :						     05-JUN-09
 Property Num  :3038 Location Code :  Gateway Code :						     05-JUN-09
 Property Num  :3049 Location Code :  Gateway Code :						     05-JUN-09
 Property Num  :3059 Location Code :  Gateway Code :						     05-JUN-09
 Property Num  :3083 Location Code :  Gateway Code :						     05-JUN-09
 Property Num  :3087 Location Code :  Gateway Code :						     05-JUN-09
 Property Num  :3099 Location Code :  Gateway Code :						     05-JUN-09
 Property Num  :3117 Location Code :  Gateway Code :						     05-JUN-09
 Property Num  :3123 Location Code :  Gateway Code :						     05-JUN-09
 Property Num  :3124 Location Code :  Gateway Code :						     05-JUN-09
 Property Num  :3125 Location Code :  Gateway Code :						     05-JUN-09
 Property Num  :3131 Location Code :  Gateway Code :						     05-JUN-09
 Property Num  :3132 Location Code :  Gateway Code :						     05-JUN-09
 Property Num  :3136 Location Code :  Gateway Code :						     05-JUN-09
 Property Num  :3145 Location Code :  Gateway Code :						     05-JUN-09
 Property Num  :3157 Location Code :  Gateway Code :						     05-JUN-09

Cannot Load - Missing Prop									     Date of e
---------------------------------------------------------------------------------------------------- ---------
 Property Num  :3162 Location Code :  Gateway Code :						     05-JUN-09
 Property Num  :3172 Location Code :  Gateway Code :						     05-JUN-09
 Property Num  :3178 Location Code :  Gateway Code :						     05-JUN-09
 Property Num  :3182 Location Code :  Gateway Code :						     05-JUN-09
 Property Num  :3192 Location Code :  Gateway Code :						     05-JUN-09
 Property Num  :3193 Location Code :  Gateway Code :						     05-JUN-09
 Property Num  :3197 Location Code :  Gateway Code :						     05-JUN-09
 Property Num  :3199 Location Code :  Gateway Code :						     05-JUN-09
 Property Num  :3205 Location Code :  Gateway Code :						     05-JUN-09
 Property Num  :3206 Location Code :  Gateway Code :						     05-JUN-09
 Property Num  :3212 Location Code :  Gateway Code :						     05-JUN-09
 Property Num  :3213 Location Code :  Gateway Code :						     05-JUN-09
 Property Num  :3215 Location Code :  Gateway Code :						     05-JUN-09
 Property Num  :3217 Location Code :  Gateway Code :						     05-JUN-09
 Property Num  :3219 Location Code :  Gateway Code :						     05-JUN-09
 Property Num  :3220 Location Code :  Gateway Code :						     05-JUN-09
 Property Num  :3221 Location Code :  Gateway Code :						     05-JUN-09
 Property Num  :3224 Location Code :  Gateway Code :						     05-JUN-09
 Property Num  :3226 Location Code :  Gateway Code :						     05-JUN-09
 Property Num  :3228 Location Code :  Gateway Code :						     05-JUN-09
 Property Num  :3229 Location Code :  Gateway Code :						     05-JUN-09
 Property Num  :3231 Location Code :  Gateway Code :						     05-JUN-09
 Property Num  :3239 Location Code :  Gateway Code :						     05-JUN-09
 Property Num  :3241 Location Code :  Gateway Code :						     05-JUN-09
 Property Num  :3245 Location Code :  Gateway Code :						     05-JUN-09
 Property Num  :3248 Location Code :  Gateway Code :						     05-JUN-09
 Property Num  :3251 Location Code :  Gateway Code :						     05-JUN-09
 Property Num  :3253 Location Code :  Gateway Code :						     05-JUN-09
 Property Num  :3254 Location Code :  Gateway Code :						     05-JUN-09
 Property Num  :3256 Location Code :  Gateway Code :						     05-JUN-09
 Property Num  :3257 Location Code :  Gateway Code :						     05-JUN-09
 Property Num  :3262 Location Code :  Gateway Code :						     05-JUN-09
 Property Num  :3268 Location Code :  Gateway Code :						     05-JUN-09
 Property Num  :3271 Location Code :  Gateway Code :						     05-JUN-09
 Property Num  :3274 Location Code :  Gateway Code :						     05-JUN-09
 Property Num  :3277 Location Code :  Gateway Code :						     05-JUN-09
 Property Num  :3278 Location Code :  Gateway Code :						     05-JUN-09
 Property Num  :3282 Location Code :  Gateway Code :						     05-JUN-09
 Property Num  :3284 Location Code :  Gateway Code :						     05-JUN-09
 Property Num  :3285 Location Code :  Gateway Code :						     05-JUN-09
 Property Num  :3289 Location Code :  Gateway Code :						     05-JUN-09
 Property Num  :3291 Location Code :  Gateway Code :						     05-JUN-09
 Property Num  :3295 Location Code :  Gateway Code :						     05-JUN-09
 Property Num  :3297 Location Code :  Gateway Code :						     05-JUN-09
 Property Num  :3300 Location Code :  Gateway Code :						     05-JUN-09
 Property Num  :3301 Location Code : 1623 Gateway Code :					     05-JUN-09
 Property Num  :3303 Location Code :  Gateway Code :						     05-JUN-09
 Property Num  :3305 Location Code :  Gateway Code :						     05-JUN-09
 Property Num  :3306 Location Code :  Gateway Code :						     05-JUN-09
 Property Num  :3309 Location Code :  Gateway Code :						     05-JUN-09
 Property Num  :3310 Location Code :  Gateway Code :						     05-JUN-09
 Property Num  :3312 Location Code :  Gateway Code :						     05-JUN-09
 Property Num  :3314 Location Code :  Gateway Code :						     05-JUN-09
 Property Num  :3319 Location Code :  Gateway Code :						     05-JUN-09
 Property Num  :3322 Location Code :  Gateway Code :						     05-JUN-09
 Property Num  :3323 Location Code :  Gateway Code :						     05-JUN-09
 Property Num  :3324 Location Code :  Gateway Code :						     05-JUN-09
 Property Num  :3328 Location Code :  Gateway Code :						     05-JUN-09
 Property Num  :3333 Location Code :  Gateway Code :						     05-JUN-09
 Property Num  :3334 Location Code :  Gateway Code :						     05-JUN-09
 Property Num  :3343 Location Code :  Gateway Code :						     05-JUN-09
 Property Num  :3345 Location Code :  Gateway Code :						     05-JUN-09
 Property Num  :3352 Location Code :  Gateway Code :						     05-JUN-09
 Property Num  :3353 Location Code :  Gateway Code :						     05-JUN-09
 Property Num  :3355 Location Code :  Gateway Code :						     05-JUN-09
 Property Num  :3359 Location Code :  Gateway Code :						     05-JUN-09
 Property Num  :3366 Location Code :  Gateway Code :						     05-JUN-09
 Property Num  :3371 Location Code :  Gateway Code :						     05-JUN-09
 Property Num  :3374 Location Code :  Gateway Code :						     05-JUN-09
 Property Num  :3383 Location Code :  Gateway Code :						     05-JUN-09
 Property Num  :3384 Location Code :  Gateway Code :						     05-JUN-09
 Property Num  :3400 Location Code :  Gateway Code :						     05-JUN-09
 Property Num  :3402 Location Code :  Gateway Code :						     05-JUN-09
 Property Num  :3408 Location Code :  Gateway Code :						     05-JUN-09
 Property Num  :3422 Location Code :  Gateway Code :						     05-JUN-09
 Property Num  :3423 Location Code :  Gateway Code :						     05-JUN-09
 Property Num  :3443 Location Code :  Gateway Code :						     05-JUN-09
 Property Num  :3444 Location Code :  Gateway Code :						     05-JUN-09
 Property Num  :3447 Location Code :  Gateway Code :						     05-JUN-09
 Property Num  :3450 Location Code :  Gateway Code :						     05-JUN-09
 Property Num  :3451 Location Code :  Gateway Code :						     05-JUN-09
 Property Num  :3456 Location Code :  Gateway Code :						     05-JUN-09
 Property Num  :3458 Location Code :  Gateway Code :						     05-JUN-09
 Property Num  :3466 Location Code :  Gateway Code :						     05-JUN-09
 Property Num  :3469 Location Code :  Gateway Code :						     05-JUN-09
 Property Num  :3472 Location Code :  Gateway Code :						     05-JUN-09
 Property Num  :3478 Location Code :  Gateway Code :						     05-JUN-09
 Property Num  :3479 Location Code :  Gateway Code :						     05-JUN-09
 Property Num  :3480 Location Code :  Gateway Code :						     05-JUN-09
 Property Num  :3481 Location Code :  Gateway Code :						     05-JUN-09
 Property Num  :3485 Location Code :  Gateway Code :						     05-JUN-09
 Property Num  :3495 Location Code :  Gateway Code :						     05-JUN-09
 Property Num  :3500 Location Code :  Gateway Code :						     05-JUN-09
 Property Num  :3513 Location Code :  Gateway Code :						     05-JUN-09
 Property Num  :3523 Location Code :  Gateway Code :						     05-JUN-09
 Property Num  :3537 Location Code :  Gateway Code :						     05-JUN-09
 Property Num  :3539 Location Code :  Gateway Code :						     05-JUN-09

Cannot Load - Missing Prop									     Date of e
---------------------------------------------------------------------------------------------------- ---------
 Property Num  :3543 Location Code :  Gateway Code :						     05-JUN-09
 Property Num  :3551 Location Code :  Gateway Code :						     05-JUN-09
 Property Num  :3554 Location Code :  Gateway Code :						     05-JUN-09
 Property Num  :3560 Location Code :  Gateway Code :						     05-JUN-09
 Property Num  :3568 Location Code :  Gateway Code :						     05-JUN-09
 Property Num  :3573 Location Code :  Gateway Code :						     05-JUN-09
 Property Num  :3575 Location Code :  Gateway Code :						     05-JUN-09
 Property Num  :3577 Location Code :  Gateway Code :						     05-JUN-09
 Property Num  :3609 Location Code :  Gateway Code :						     05-JUN-09
 Property Num  :3659 Location Code :  Gateway Code :						     05-JUN-09
 Property Num  :3663 Location Code :  Gateway Code :						     05-JUN-09
 Property Num  :3670 Location Code :  Gateway Code :						     05-JUN-09
 Property Num  :3674 Location Code :  Gateway Code :						     05-JUN-09
 Property Num  :3677 Location Code :  Gateway Code :						     05-JUN-09
 Property Num  :3680 Location Code :  Gateway Code :						     05-JUN-09
 Property Num  :3685 Location Code :  Gateway Code :						     05-JUN-09
 Property Num  :3687 Location Code :  Gateway Code :						     05-JUN-09
 Property Num  :3691 Location Code :  Gateway Code :						     05-JUN-09
 Property Num  :3698 Location Code :  Gateway Code :						     05-JUN-09
 Property Num  :3702 Location Code :  Gateway Code :						     05-JUN-09
 Property Num  :3706 Location Code :  Gateway Code :						     05-JUN-09
 Property Num  :3738 Location Code :  Gateway Code :						     05-JUN-09
 Property Num  :3750 Location Code :  Gateway Code :						     05-JUN-09
 Property Num  :3762 Location Code :  Gateway Code :						     05-JUN-09
 Property Num  :3767 Location Code :  Gateway Code :						     05-JUN-09
 Property Num  :3770 Location Code :  Gateway Code :						     05-JUN-09
 Property Num  :3782 Location Code :  Gateway Code :						     05-JUN-09
 Property Num  :3798 Location Code :  Gateway Code :						     05-JUN-09
 Property Num  :3811 Location Code : 491  Gateway Code :					     05-JUN-09
 Property Num  :3815 Location Code : 956  Gateway Code :					     05-JUN-09
 Property Num  :3818 Location Code : 956  Gateway Code :					     05-JUN-09
 Property Num  :3819 Location Code : 956  Gateway Code :					     05-JUN-09
 Property Num  :3820 Location Code : 956  Gateway Code :					     05-JUN-09
 Property Num  :3822 Location Code : 956  Gateway Code :					     05-JUN-09
 Property Num  :3827 Location Code :  Gateway Code :						     05-JUN-09
 Property Num  :3828 Location Code :  Gateway Code :						     05-JUN-09
 Property Num  :3836 Location Code :  Gateway Code :						     05-JUN-09
 Property Num  :3843 Location Code :  Gateway Code :						     05-JUN-09
 Property Num  :3869 Location Code :  Gateway Code :						     05-JUN-09
 Property Num  :3871 Location Code :  Gateway Code :						     05-JUN-09
 Property Num  :3872 Location Code :  Gateway Code :						     05-JUN-09
 Property Num  :3874 Location Code :  Gateway Code :						     05-JUN-09
 Property Num  :3880 Location Code :  Gateway Code :						     05-JUN-09
 Property Num  :3895 Location Code :  Gateway Code :						     05-JUN-09
 Property Num  :3904 Location Code :  Gateway Code :						     05-JUN-09
 Property Num  :3908 Location Code :  Gateway Code :						     05-JUN-09
 Property Num  :3909 Location Code :  Gateway Code :						     05-JUN-09
 Property Num  :3912 Location Code :  Gateway Code :						     05-JUN-09
 Property Num  :3925 Location Code :  Gateway Code :						     05-JUN-09
 Property Num  :3926 Location Code :  Gateway Code :						     05-JUN-09
 Property Num  :3930 Location Code :  Gateway Code :						     05-JUN-09
 Property Num  :3940 Location Code :  Gateway Code :						     05-JUN-09
 Property Num  :3944 Location Code :  Gateway Code :						     05-JUN-09
 Property Num  :3947 Location Code :  Gateway Code :						     05-JUN-09
 Property Num  :3948 Location Code :  Gateway Code :						     05-JUN-09
 Property Num  :3949 Location Code :  Gateway Code :						     05-JUN-09
 Property Num  :3955 Location Code :  Gateway Code :						     05-JUN-09
 Property Num  :3956 Location Code :  Gateway Code :						     05-JUN-09
 Property Num  :3966 Location Code :  Gateway Code :						     05-JUN-09
 Property Num  :3970 Location Code :  Gateway Code :						     05-JUN-09
 Property Num  :3972 Location Code :  Gateway Code :						     05-JUN-09
 Property Num  :3973 Location Code :  Gateway Code :						     05-JUN-09
 Property Num  :3985 Location Code :  Gateway Code :						     05-JUN-09
 Property Num  :3991 Location Code :  Gateway Code :						     05-JUN-09
 Property Num  :4009 Location Code :  Gateway Code :						     05-JUN-09
 Property Num  :4022 Location Code :  Gateway Code :						     05-JUN-09
 Property Num  :4039 Location Code :  Gateway Code :						     05-JUN-09
 Property Num  :4054 Location Code :  Gateway Code :						     05-JUN-09
 Property Num  :4060 Location Code :  Gateway Code :						     05-JUN-09
 Property Num  :4066 Location Code :  Gateway Code :						     05-JUN-09
 Property Num  :4079 Location Code :  Gateway Code :						     05-JUN-09
 Property Num  :4085 Location Code :  Gateway Code :						     05-JUN-09
 Property Num  :4088 Location Code :  Gateway Code :						     05-JUN-09
 Property Num  :4090 Location Code :  Gateway Code :						     05-JUN-09
 Property Num  :4094 Location Code :  Gateway Code :						     05-JUN-09
 Property Num  :4096 Location Code :  Gateway Code :						     05-JUN-09
 Property Num  :4102 Location Code :  Gateway Code :						     05-JUN-09
 Property Num  :4105 Location Code :  Gateway Code :						     05-JUN-09
 Property Num  :4117 Location Code :  Gateway Code :						     05-JUN-09
 Property Num  :4121 Location Code :  Gateway Code :						     05-JUN-09
 Property Num  :4132 Location Code :  Gateway Code :						     05-JUN-09
 Property Num  :4136 Location Code :  Gateway Code :						     05-JUN-09
 Property Num  :4140 Location Code :  Gateway Code :						     05-JUN-09
 Property Num  :4142 Location Code :  Gateway Code :						     05-JUN-09
 Property Num  :4159 Location Code :  Gateway Code :						     05-JUN-09
 Property Num  :4164 Location Code :  Gateway Code :						     05-JUN-09
 Property Num  :4169 Location Code :  Gateway Code :						     05-JUN-09
 Property Num  :4178 Location Code :  Gateway Code :						     05-JUN-09
 Property Num  :4187 Location Code :  Gateway Code :						     05-JUN-09
 Property Num  :4191 Location Code :  Gateway Code :						     05-JUN-09
 Property Num  :4200 Location Code :  Gateway Code :						     05-JUN-09
 Property Num  :4204 Location Code :  Gateway Code :						     05-JUN-09
 Property Num  :4211 Location Code :  Gateway Code :						     05-JUN-09
 Property Num  :4219 Location Code :  Gateway Code :						     05-JUN-09
 Property Num  :4248 Location Code :  Gateway Code :						     05-JUN-09
 Property Num  :4264 Location Code :  Gateway Code :						     05-JUN-09
 Property Num  :4287 Location Code :  Gateway Code :						     05-JUN-09

Cannot Load - Missing Prop									     Date of e
---------------------------------------------------------------------------------------------------- ---------
 Property Num  :4289 Location Code :  Gateway Code :						     05-JUN-09
 Property Num  :4297 Location Code :  Gateway Code :						     05-JUN-09
 Property Num  :4299 Location Code :  Gateway Code :						     05-JUN-09
 Property Num  :4319 Location Code :  Gateway Code :						     05-JUN-09
 Property Num  :4335 Location Code :  Gateway Code :						     05-JUN-09
 Property Num  :4338 Location Code : 1497 Gateway Code :					     05-JUN-09
 Property Num  :4364 Location Code :  Gateway Code :						     05-JUN-09
 Property Num  :4367 Location Code : 1499 Gateway Code :					     05-JUN-09
 Property Num  :4368 Location Code :  Gateway Code :						     05-JUN-09
 Property Num  :4385 Location Code :  Gateway Code :						     05-JUN-09
 Property Num  :4390 Location Code : 1506 Gateway Code :					     05-JUN-09
 Property Num  :4489 Location Code :  Gateway Code :						     05-JUN-09
 Property Num  :4514 Location Code :  Gateway Code :						     05-JUN-09
 Property Num  :4596 Location Code : 1110 Gateway Code :					     05-JUN-09
 Property Num  :4603 Location Code : 1529 Gateway Code :					     05-JUN-09
 Property Num  :4628 Location Code : 1400 Gateway Code :					     05-JUN-09
 Property Num  :4852 Location Code : 1128 Gateway Code :					     05-JUN-09
 Property Num  :4878 Location Code :  Gateway Code :						     05-JUN-09
 Property Num  :4887 Location Code :  Gateway Code :						     05-JUN-09
 Property Num  :4890 Location Code :  Gateway Code :						     05-JUN-09
 Property Num  :4891 Location Code :  Gateway Code :						     05-JUN-09
 Property Num  :4905 Location Code :  Gateway Code :						     05-JUN-09
 Property Num  :4906 Location Code :  Gateway Code :						     05-JUN-09
 Property Num  :4907 Location Code :  Gateway Code :						     05-JUN-09
 Property Num  :4921 Location Code :  Gateway Code :						     05-JUN-09
 Property Num  :4931 Location Code :  Gateway Code :						     05-JUN-09
 Property Num  :4932 Location Code :  Gateway Code :						     05-JUN-09
 Property Num  :4934 Location Code :  Gateway Code :						     05-JUN-09
 Property Num  :4937 Location Code :  Gateway Code :						     05-JUN-09
 Property Num  :4952 Location Code :  Gateway Code :						     05-JUN-09
 Property Num  :4968 Location Code :  Gateway Code :						     05-JUN-09
 Property Num  :4973 Location Code :  Gateway Code :						     05-JUN-09
 Property Num  :4974 Location Code :  Gateway Code :						     05-JUN-09
 Property Num  :4980 Location Code :  Gateway Code :						     05-JUN-09
 Property Num  :4981 Location Code :  Gateway Code :						     05-JUN-09
 Property Num  :4984 Location Code :  Gateway Code :						     05-JUN-09
 Property Num  :5002 Location Code :  Gateway Code :						     05-JUN-09
 Property Num  :5040 Location Code :  Gateway Code :						     05-JUN-09
 Property Num  :5051 Location Code :  Gateway Code :						     05-JUN-09
 Property Num  :5061 Location Code :  Gateway Code :						     05-JUN-09
 Property Num  :5065 Location Code : 2245 Gateway Code :					     05-JUN-09
 Property Num  :5072 Location Code :  Gateway Code :						     05-JUN-09
 Property Num  :5078 Location Code :  Gateway Code :						     05-JUN-09
 Property Num  :5088 Location Code :  Gateway Code :						     05-JUN-09
 Property Num  :5090 Location Code :  Gateway Code :						     05-JUN-09
 Property Num  :5093 Location Code :  Gateway Code :						     05-JUN-09
 Property Num  :5094 Location Code :  Gateway Code :						     05-JUN-09
 Property Num  :5107 Location Code :  Gateway Code :						     05-JUN-09
 Property Num  :5108 Location Code :  Gateway Code :						     05-JUN-09
 Property Num  :5114 Location Code :  Gateway Code :						     05-JUN-09
 Property Num  :5118 Location Code :  Gateway Code :						     05-JUN-09
 Property Num  :5126 Location Code :  Gateway Code :						     05-JUN-09
 Property Num  :5127 Location Code :  Gateway Code :						     05-JUN-09
 Property Num  :5131 Location Code :  Gateway Code :						     05-JUN-09
 Property Num  :5141 Location Code :  Gateway Code :						     05-JUN-09
 Property Num  :5147 Location Code :  Gateway Code :						     05-JUN-09
 Property Num  :5148 Location Code :  Gateway Code :						     05-JUN-09
 Property Num  :5149 Location Code :  Gateway Code :						     05-JUN-09
 Property Num  :5150 Location Code :  Gateway Code :						     05-JUN-09
 Property Num  :5151 Location Code :  Gateway Code :						     05-JUN-09
 Property Num  :5159 Location Code :  Gateway Code :						     05-JUN-09
 Property Num  :5161 Location Code :  Gateway Code :						     05-JUN-09
 Property Num  :5171 Location Code :  Gateway Code :						     05-JUN-09
 Property Num  :5179 Location Code :  Gateway Code :						     05-JUN-09
 Property Num  :5190 Location Code :  Gateway Code :						     05-JUN-09
 Property Num  :5196 Location Code :  Gateway Code :						     05-JUN-09
 Property Num  :5210 Location Code :  Gateway Code :						     05-JUN-09
 Property Num  :5222 Location Code : 1400 Gateway Code :					     05-JUN-09
 Property Num  :5233 Location Code :  Gateway Code :						     05-JUN-09
 Property Num  :5248 Location Code : 1128 Gateway Code :					     05-JUN-09
 Property Num  :5297 Location Code :  Gateway Code :						     05-JUN-09
 Property Num  :5299 Location Code :  Gateway Code :						     05-JUN-09
 Property Num  :5300 Location Code :  Gateway Code :						     05-JUN-09
 Property Num  :5310 Location Code :  Gateway Code :						     05-JUN-09
 Property Num  :5314 Location Code :  Gateway Code :						     05-JUN-09
 Property Num  :5346 Location Code :  Gateway Code :						     05-JUN-09
 Property Num  :5355 Location Code :  Gateway Code :						     05-JUN-09
 Property Num  :5364 Location Code :  Gateway Code :						     05-JUN-09
 Property Num  :5365 Location Code :  Gateway Code :						     05-JUN-09
 Property Num  :5376 Location Code :  Gateway Code :						     05-JUN-09
 Property Num  :5378 Location Code :  Gateway Code :						     05-JUN-09
 Property Num  :5391 Location Code :  Gateway Code :						     05-JUN-09
 Property Num  :5400 Location Code :  Gateway Code :						     05-JUN-09
 Property Num  :5413 Location Code :  Gateway Code :						     05-JUN-09
 Property Num  :5439 Location Code :  Gateway Code :						     05-JUN-09
 Property Num  :5440 Location Code :  Gateway Code :						     05-JUN-09
 Property Num  :5446 Location Code :  Gateway Code :						     05-JUN-09
 Property Num  :5447 Location Code :  Gateway Code :						     05-JUN-09
 Property Num  :5448 Location Code :  Gateway Code :						     05-JUN-09
 Property Num  :5450 Location Code : 1621 Gateway Code :					     05-JUN-09
 Property Num  :5454 Location Code :  Gateway Code :						     05-JUN-09
 Property Num  :5459 Location Code :  Gateway Code :						     05-JUN-09
 Property Num  :5471 Location Code :  Gateway Code :						     05-JUN-09
 Property Num  :5474 Location Code :  Gateway Code :						     05-JUN-09
 Property Num  :5481 Location Code :  Gateway Code :						     05-JUN-09
 Property Num  :5487 Location Code :  Gateway Code :						     05-JUN-09
 Property Num  :5496 Location Code :  Gateway Code :						     05-JUN-09

Cannot Load - Missing Prop									     Date of e
---------------------------------------------------------------------------------------------------- ---------
 Property Num  :5497 Location Code :  Gateway Code :						     05-JUN-09
 Property Num  :5514 Location Code :  Gateway Code :						     05-JUN-09
 Property Num  :5516 Location Code :  Gateway Code :						     05-JUN-09
 Property Num  :5521 Location Code :  Gateway Code :						     05-JUN-09
 Property Num  :5546 Location Code :  Gateway Code :						     05-JUN-09
 Property Num  :5551 Location Code :  Gateway Code :						     05-JUN-09
 Property Num  :5556 Location Code :  Gateway Code :						     05-JUN-09
 Property Num  :5578 Location Code :  Gateway Code :						     05-JUN-09
 Property Num  :5584 Location Code :  Gateway Code :						     05-JUN-09
 Property Num  :5626 Location Code :  Gateway Code :						     05-JUN-09
 Property Num  :5684 Location Code :  Gateway Code :						     05-JUN-09
 Property Num  :5704 Location Code :  Gateway Code :						     05-JUN-09
 Property Num  :5708 Location Code :  Gateway Code :						     05-JUN-09
 Property Num  :5710 Location Code :  Gateway Code :						     05-JUN-09
 Property Num  :5716 Location Code : 1994 Gateway Code :					     05-JUN-09
 Property Num  :5722 Location Code :  Gateway Code :						     05-JUN-09
 Property Num  :5732 Location Code :  Gateway Code :						     05-JUN-09
 Property Num  :5734 Location Code :  Gateway Code :						     05-JUN-09
 Property Num  :5737 Location Code :  Gateway Code :						     05-JUN-09
 Property Num  :5752 Location Code :  Gateway Code :						     05-JUN-09
 Property Num  :5780 Location Code :  Gateway Code :						     05-JUN-09
 Property Num  :5792 Location Code :  Gateway Code :						     05-JUN-09
 Property Num  :5794 Location Code :  Gateway Code :						     05-JUN-09
 Property Num  :5797 Location Code :  Gateway Code :						     05-JUN-09
 Property Num  :5800 Location Code : 2021 Gateway Code :					     05-JUN-09
 Property Num  :5813 Location Code :  Gateway Code :						     05-JUN-09
 Property Num  :5863 Location Code :  Gateway Code :						     05-JUN-09
 Property Num  :5865 Location Code :  Gateway Code :						     05-JUN-09
 Property Num  :5870 Location Code : 1003 Gateway Code :					     05-JUN-09
 Property Num  :5913 Location Code : 2023 Gateway Code :					     05-JUN-09
 Property Num  :5924 Location Code :  Gateway Code :						     05-JUN-09
 Property Num  :5927 Location Code :  Gateway Code :						     05-JUN-09
 Property Num  :5942 Location Code :  Gateway Code :						     05-JUN-09
 Property Num  :5950 Location Code : 2025 Gateway Code :					     05-JUN-09
 Property Num  :5982 Location Code :  Gateway Code :						     05-JUN-09
 Property Num  :5985 Location Code : 2028 Gateway Code :					     05-JUN-09
 Property Num  :5986 Location Code :  Gateway Code :						     05-JUN-09
 Property Num  :6040 Location Code :  Gateway Code :						     05-JUN-09
 Property Num  :6041 Location Code :  Gateway Code :						     05-JUN-09
 Property Num  :6042 Location Code :  Gateway Code :						     05-JUN-09
 Property Num  :6052 Location Code :  Gateway Code :						     05-JUN-09
 Property Num  :6071 Location Code :  Gateway Code :						     05-JUN-09
 Property Num  :6078 Location Code :  Gateway Code :						     05-JUN-09
 Property Num  :6080 Location Code :  Gateway Code :						     05-JUN-09
 Property Num  :6082 Location Code :  Gateway Code :						     05-JUN-09
 Property Num  :6084 Location Code :  Gateway Code :						     05-JUN-09
 Property Num  :6089 Location Code :  Gateway Code :						     05-JUN-09
 Property Num  :6094 Location Code :  Gateway Code :						     05-JUN-09
 Property Num  :6095 Location Code :  Gateway Code :						     05-JUN-09
 Property Num  :6100 Location Code :  Gateway Code :						     05-JUN-09
 Property Num  :6102 Location Code :  Gateway Code :						     05-JUN-09
 Property Num  :6105 Location Code :  Gateway Code :						     05-JUN-09
 Property Num  :6121 Location Code :  Gateway Code :						     05-JUN-09
 Property Num  :6137 Location Code :  Gateway Code :						     05-JUN-09
 Property Num  :6138 Location Code :  Gateway Code :						     05-JUN-09
 Property Num  :6139 Location Code :  Gateway Code :						     05-JUN-09
 Property Num  :6141 Location Code :  Gateway Code :						     05-JUN-09
 Property Num  :6142 Location Code :  Gateway Code :						     05-JUN-09
 Property Num  :6167 Location Code :  Gateway Code :						     05-JUN-09
 Property Num  :6171 Location Code :  Gateway Code :						     05-JUN-09
 Property Num  :6172 Location Code :  Gateway Code :						     05-JUN-09
 Property Num  :6182 Location Code :  Gateway Code :						     05-JUN-09
 Property Num  :6183 Location Code :  Gateway Code :						     05-JUN-09
 Property Num  :6188 Location Code :  Gateway Code :						     05-JUN-09
 Property Num  :6190 Location Code : 2039 Gateway Code :					     05-JUN-09
 Property Num  :6192 Location Code : 2039 Gateway Code :					     05-JUN-09
 Property Num  :6195 Location Code :  Gateway Code :						     05-JUN-09
 Property Num  :6201 Location Code : 2041 Gateway Code :					     05-JUN-09
 Property Num  :6209 Location Code :  Gateway Code :						     05-JUN-09
 Property Num  :6210 Location Code : 1860 Gateway Code :					     05-JUN-09
 Property Num  :6212 Location Code : 1865 Gateway Code :					     05-JUN-09
 Property Num  :6213 Location Code : 2043 Gateway Code :					     05-JUN-09
 Property Num  :6215 Location Code : 2043 Gateway Code :					     05-JUN-09
 Property Num  :6216 Location Code :  Gateway Code :						     05-JUN-09
 Property Num  :6218 Location Code : 2041 Gateway Code :					     05-JUN-09
 Property Num  :6219 Location Code : 2041 Gateway Code :					     05-JUN-09
 Property Num  :6220 Location Code :  Gateway Code :						     05-JUN-09
 Property Num  :6223 Location Code : 2023 Gateway Code :					     05-JUN-09
 Property Num  :6229 Location Code :  Gateway Code :						     05-JUN-09
 Property Num  :6233 Location Code :  Gateway Code :						     05-JUN-09
 Property Num  :6244 Location Code :  Gateway Code :						     05-JUN-09
 Property Num  :6253 Location Code : 2045 Gateway Code :					     05-JUN-09
 Property Num  :6259 Location Code :  Gateway Code :						     05-JUN-09
 Property Num  :6265 Location Code :  Gateway Code :						     05-JUN-09
 Property Num  :6269 Location Code :  Gateway Code :						     05-JUN-09
 Property Num  :6297 Location Code : 2042 Gateway Code :					     05-JUN-09
 Property Num  :6298 Location Code : 2047 Gateway Code :					     05-JUN-09
 Property Num  :6301 Location Code :  Gateway Code :						     05-JUN-09
 Property Num  :6303 Location Code :  Gateway Code :						     05-JUN-09
 Property Num  :6304 Location Code : 2050 Gateway Code :					     05-JUN-09
 Property Num  :6317 Location Code :  Gateway Code :						     05-JUN-09
 Property Num  :6318 Location Code :  Gateway Code :						     05-JUN-09
 Property Num  :6319 Location Code :  Gateway Code :						     05-JUN-09
 Property Num  :6320 Location Code :  Gateway Code :						     05-JUN-09
 Property Num  :6321 Location Code : 2051 Gateway Code :					     05-JUN-09
 Property Num  :6324 Location Code :  Gateway Code :						     05-JUN-09
 Property Num  :6350 Location Code :  Gateway Code :						     05-JUN-09

Cannot Load - Missing Prop									     Date of e
---------------------------------------------------------------------------------------------------- ---------
 Property Num  :6359 Location Code : 2028 Gateway Code :					     05-JUN-09
 Property Num  :6370 Location Code :  Gateway Code :						     05-JUN-09
 Property Num  :6371 Location Code : 2052 Gateway Code :					     05-JUN-09
 Property Num  :6388 Location Code :  Gateway Code :						     05-JUN-09
 Property Num  :6428 Location Code :  Gateway Code :						     05-JUN-09
 Property Num  :6506 Location Code :  Gateway Code :						     05-JUN-09
 Property Num  :6545 Location Code :  Gateway Code :						     05-JUN-09
 Property Num  :6549 Location Code :  Gateway Code :						     05-JUN-09
 Property Num  :6571 Location Code :  Gateway Code :						     05-JUN-09
 Property Num  :6585 Location Code :  Gateway Code :						     05-JUN-09
 Property Num  :6586 Location Code :  Gateway Code :						     05-JUN-09
 Property Num  :6606 Location Code :  Gateway Code :						     05-JUN-09
 Property Num  :6624 Location Code :  Gateway Code :						     05-JUN-09
 Property Num  :6637 Location Code :  Gateway Code :						     05-JUN-09
 Property Num  :6657 Location Code : 122  Gateway Code :					     05-JUN-09
 Property Num  :6708 Location Code : 2055 Gateway Code :					     05-JUN-09
 Property Num  :6738 Location Code :  Gateway Code :						     05-JUN-09
 Property Num  :6749 Location Code :  Gateway Code :						     05-JUN-09
 Property Num  :6754 Location Code : 556  Gateway Code :					     05-JUN-09
 Property Num  :6759 Location Code :  Gateway Code :						     05-JUN-09
 Property Num  :6761 Location Code :  Gateway Code :						     05-JUN-09
 Property Num  :6762 Location Code :  Gateway Code :						     05-JUN-09
 Property Num  :6784 Location Code :  Gateway Code :						     05-JUN-09
 Property Num  :6794 Location Code :  Gateway Code :						     05-JUN-09
 Property Num  :6795 Location Code :  Gateway Code :						     05-JUN-09
 Property Num  :6833 Location Code :  Gateway Code :						     05-JUN-09
 Property Num  :6857 Location Code :  Gateway Code :						     05-JUN-09
 Property Num  :6858 Location Code :  Gateway Code :						     05-JUN-09
 Property Num  :6859 Location Code :  Gateway Code :						     05-JUN-09
 Property Num  :6872 Location Code :  Gateway Code :						     05-JUN-09
 Property Num  :6913 Location Code : 2077 Gateway Code :					     05-JUN-09
 Property Num  :6930 Location Code :  Gateway Code :						     05-JUN-09
 Property Num  :6938 Location Code : 2098 Gateway Code :					     05-JUN-09
 Property Num  :6939 Location Code : 2098 Gateway Code :					     05-JUN-09
 Property Num  :6940 Location Code :  Gateway Code :						     05-JUN-09
 Property Num  :6967 Location Code :  Gateway Code :						     05-JUN-09
 Property Num  :6970 Location Code :  Gateway Code :						     05-JUN-09
 Property Num  :6971 Location Code :  Gateway Code :						     05-JUN-09
 Property Num  :6972 Location Code : 2099 Gateway Code :					     05-JUN-09
 Property Num  :6989 Location Code :  Gateway Code :						     05-JUN-09
 Property Num  :7005 Location Code : 2100 Gateway Code :					     05-JUN-09
 Property Num  :7014 Location Code :  Gateway Code :						     05-JUN-09
 Property Num  :7021 Location Code :  Gateway Code :						     05-JUN-09
 Property Num  :7033 Location Code :  Gateway Code :						     05-JUN-09
 Property Num  :7037 Location Code : 2101 Gateway Code :					     05-JUN-09
 Property Num  :7065 Location Code :  Gateway Code :						     05-JUN-09
 Property Num  :7151 Location Code :  Gateway Code :						     05-JUN-09
 Property Num  :7166 Location Code :  Gateway Code :						     05-JUN-09
 Property Num  :7177 Location Code : 122  Gateway Code :					     05-JUN-09
 Property Num  :7192 Location Code :  Gateway Code :						     05-JUN-09
 Property Num  :7196 Location Code :  Gateway Code :						     05-JUN-09
 Property Num  :7205 Location Code :  Gateway Code :						     05-JUN-09
 Property Num  :7206 Location Code :  Gateway Code :						     05-JUN-09
 Property Num  :7216 Location Code :  Gateway Code :						     05-JUN-09
 Property Num  :7238 Location Code :  Gateway Code :						     05-JUN-09
 Property Num  :7243 Location Code :  Gateway Code :						     05-JUN-09
 Property Num  :7257 Location Code : 2113 Gateway Code :					     05-JUN-09
 Property Num  :7258 Location Code :  Gateway Code :						     05-JUN-09
 Property Num  :7262 Location Code :  Gateway Code :						     05-JUN-09
 Property Num  :7264 Location Code :  Gateway Code :						     05-JUN-09
 Property Num  :7265 Location Code :  Gateway Code :						     05-JUN-09
 Property Num  :7266 Location Code :  Gateway Code :						     05-JUN-09
 Property Num  :7276 Location Code :  Gateway Code :						     05-JUN-09
 Property Num  :7285 Location Code :  Gateway Code :						     05-JUN-09
 Property Num  :7286 Location Code :  Gateway Code :						     05-JUN-09
 Property Num  :7296 Location Code :  Gateway Code :						     05-JUN-09
 Property Num  :7298 Location Code :  Gateway Code :						     05-JUN-09
 Property Num  :7303 Location Code :  Gateway Code :						     05-JUN-09
 Property Num  :7321 Location Code :  Gateway Code :						     05-JUN-09
 Property Num  :7323 Location Code :  Gateway Code :						     05-JUN-09
 Property Num  :7324 Location Code :  Gateway Code :						     05-JUN-09
 Property Num  :7352 Location Code :  Gateway Code :						     05-JUN-09
 Property Num  :7362 Location Code :  Gateway Code :						     05-JUN-09
 Property Num  :7363 Location Code :  Gateway Code :						     05-JUN-09
 Property Num  :7367 Location Code :  Gateway Code :						     05-JUN-09
 Property Num  :7368 Location Code :  Gateway Code :						     05-JUN-09
 Property Num  :7373 Location Code :  Gateway Code :						     05-JUN-09
 Property Num  :7375 Location Code :  Gateway Code :						     05-JUN-09
 Property Num  :7383 Location Code :  Gateway Code :						     05-JUN-09
 Property Num  :7392 Location Code :  Gateway Code :						     05-JUN-09
 Property Num  :7396 Location Code :  Gateway Code :						     05-JUN-09
 Property Num  :7408 Location Code : 2034 Gateway Code :					     05-JUN-09
 Property Num  :7413 Location Code :  Gateway Code :						     05-JUN-09
 Property Num  :7443 Location Code :  Gateway Code :						     05-JUN-09
 Property Num  :7445 Location Code :  Gateway Code :						     05-JUN-09
 Property Num  :7472 Location Code : 2113 Gateway Code :					     05-JUN-09
 Property Num  :7476 Location Code :  Gateway Code :						     05-JUN-09
 Property Num  :7488 Location Code :  Gateway Code :						     05-JUN-09
 Property Num  :7532 Location Code :  Gateway Code :						     05-JUN-09
 Property Num  :7554 Location Code : 2109 Gateway Code :					     05-JUN-09
 Property Num  :7595 Location Code :  Gateway Code :						     05-JUN-09
 Property Num  :7628 Location Code : 2120 Gateway Code :					     05-JUN-09
 Property Num  :7633 Location Code : 2119 Gateway Code :					     05-JUN-09
 Property Num  :7637 Location Code : 2145 Gateway Code :					     05-JUN-09
 Property Num  :7679 Location Code : 2162 Gateway Code :					     05-JUN-09
 Property Num  :7687 Location Code : 2138 Gateway Code :					     05-JUN-09
 Property Num  :7694 Location Code :  Gateway Code :						     05-JUN-09

Cannot Load - Missing Prop									     Date of e
---------------------------------------------------------------------------------------------------- ---------
 Property Num  :7713 Location Code : 2141 Gateway Code :					     05-JUN-09
 Property Num  :7783 Location Code : 2156 Gateway Code :					     05-JUN-09
 Property Num  :7805 Location Code : 2145 Gateway Code :					     05-JUN-09
 Property Num  :7814 Location Code : 2175 Gateway Code :					     05-JUN-09
 Property Num  :7820 Location Code : 2175 Gateway Code :					     05-JUN-09
 Property Num  :7828 Location Code : 2155 Gateway Code :					     05-JUN-09
 Property Num  :7835 Location Code : 2155 Gateway Code :					     05-JUN-09
 Property Num  :7851 Location Code : 2150 Gateway Code :					     05-JUN-09
 Property Num  :7856 Location Code :  Gateway Code :						     05-JUN-09
 Property Num  :7908 Location Code : 2166 Gateway Code :					     05-JUN-09
 Property Num  :7914 Location Code :  Gateway Code :						     05-JUN-09
 Property Num  :7936 Location Code : 2146 Gateway Code :					     05-JUN-09
 Property Num  :7941 Location Code : 2167 Gateway Code :					     05-JUN-09
 Property Num  :7944 Location Code : 2168 Gateway Code :					     05-JUN-09
 Property Num  :7951 Location Code : 1110 Gateway Code :					     05-JUN-09
 Property Num  :7962 Location Code : 2297 Gateway Code :					     05-JUN-09
 Property Num  :7967 Location Code : 218  Gateway Code :					     05-JUN-09
 Property Num  :7994 Location Code : 2145 Gateway Code :					     05-JUN-09
 Property Num  :8010 Location Code : 2145 Gateway Code :					     05-JUN-09
 Property Num  :8016 Location Code : 2136 Gateway Code :					     05-JUN-09
 Property Num  :8042 Location Code : 2168 Gateway Code :					     05-JUN-09
 Property Num  :8047 Location Code : 2145 Gateway Code :					     05-JUN-09
 Property Num  :8067 Location Code : 2168 Gateway Code :					     05-JUN-09
 Property Num  :8104 Location Code : 2145 Gateway Code :					     05-JUN-09
 Property Num  :8122 Location Code : 2136 Gateway Code :					     05-JUN-09
 Property Num  :8123 Location Code : 2175 Gateway Code :					     05-JUN-09
 Property Num  :8125 Location Code : 2182 Gateway Code :					     05-JUN-09
 Property Num  :8140 Location Code :  Gateway Code :						     05-JUN-09
 Property Num  :8222 Location Code : 2156 Gateway Code :					     05-JUN-09
 Property Num  :8253 Location Code : 2109 Gateway Code :					     05-JUN-09
 Property Num  :8271 Location Code : 2142 Gateway Code :					     05-JUN-09
 Property Num  :8276 Location Code :  Gateway Code :						     05-JUN-09
 Property Num  :8277 Location Code :  Gateway Code :						     05-JUN-09
 Property Num  :8279 Location Code :  Gateway Code :						     05-JUN-09
 Property Num  :8303 Location Code :  Gateway Code :						     05-JUN-09
 Property Num  :8326 Location Code :  Gateway Code :						     05-JUN-09
 Property Num  :8357 Location Code :  Gateway Code :						     05-JUN-09
 Property Num  :8362 Location Code :  Gateway Code :						     05-JUN-09
 Property Num  :8364 Location Code :  Gateway Code :						     05-JUN-09
 Property Num  :8385 Location Code :  Gateway Code :						     05-JUN-09
 Property Num  :8401 Location Code : 2188 Gateway Code :					     05-JUN-09
 Property Num  :8411 Location Code :  Gateway Code :						     05-JUN-09
 Property Num  :8429 Location Code :  Gateway Code :						     05-JUN-09
 Property Num  :8432 Location Code :  Gateway Code :						     05-JUN-09
 Property Num  :8433 Location Code :  Gateway Code :						     05-JUN-09
 Property Num  :8442 Location Code : 2190 Gateway Code :					     05-JUN-09
 Property Num  :8471 Location Code :  Gateway Code :						     05-JUN-09
 Property Num  :8496 Location Code :  Gateway Code :						     05-JUN-09
 Property Num  :8498 Location Code : 2103 Gateway Code :					     05-JUN-09
 Property Num  :8499 Location Code : 2103 Gateway Code :					     05-JUN-09
 Property Num  :8506 Location Code : 2103 Gateway Code :					     05-JUN-09
 Property Num  :8511 Location Code :  Gateway Code :						     05-JUN-09
 Property Num  :8528 Location Code :  Gateway Code :						     05-JUN-09
 Property Num  :8552 Location Code :  Gateway Code :						     05-JUN-09
 Property Num  :8563 Location Code :  Gateway Code :						     05-JUN-09
 Property Num  :8573 Location Code :  Gateway Code :						     05-JUN-09
 Property Num  :8574 Location Code :  Gateway Code :						     05-JUN-09
 Property Num  :8578 Location Code :  Gateway Code :						     05-JUN-09
 Property Num  :8579 Location Code :  Gateway Code :						     05-JUN-09
 Property Num  :8581 Location Code :  Gateway Code :						     05-JUN-09
 Property Num  :8584 Location Code :  Gateway Code :						     05-JUN-09
 Property Num  :8586 Location Code : 2197 Gateway Code :					     05-JUN-09
 Property Num  :8587 Location Code : 2197 Gateway Code :					     05-JUN-09
 Property Num  :8589 Location Code :  Gateway Code :						     05-JUN-09
 Property Num  :8590 Location Code : 2114 Gateway Code :					     05-JUN-09
 Property Num  :8632 Location Code :  Gateway Code :						     05-JUN-09
 Property Num  :8635 Location Code :  Gateway Code :						     05-JUN-09
 Property Num  :8666 Location Code :  Gateway Code :						     05-JUN-09
 Property Num  :8680 Location Code :  Gateway Code :						     05-JUN-09
 Property Num  :8682 Location Code :  Gateway Code :						     05-JUN-09
 Property Num  :8691 Location Code :  Gateway Code :						     05-JUN-09
 Property Num  :87 Location Code : 2208 Gateway Code :						     05-JUN-09
 Property Num  :8744 Location Code : 556  Gateway Code :					     05-JUN-09
 Property Num  :8825 Location Code : 556  Gateway Code :					     05-JUN-09
 Property Num  :8887 Location Code :  Gateway Code :						     05-JUN-09
 Property Num  :8898 Location Code : 2199 Gateway Code :					     05-JUN-09
 Property Num  :8901 Location Code :  Gateway Code :						     05-JUN-09
 Property Num  :8903 Location Code : 2201 Gateway Code :					     05-JUN-09
 Property Num  :8904 Location Code :  Gateway Code :						     05-JUN-09
 Property Num  :8912 Location Code :  Gateway Code :						     05-JUN-09
 Property Num  :8914 Location Code :  Gateway Code :						     05-JUN-09
 Property Num  :8918 Location Code :  Gateway Code :						     05-JUN-09
 Property Num  :8919 Location Code :  Gateway Code :						     05-JUN-09
 Property Num  :8929 Location Code :  Gateway Code :						     05-JUN-09
 Property Num  :8933 Location Code :  Gateway Code :						     05-JUN-09
 Property Num  :8946 Location Code :  Gateway Code :						     05-JUN-09
 Property Num  :8956 Location Code :  Gateway Code :						     05-JUN-09
 Property Num  :8964 Location Code :  Gateway Code :						     05-JUN-09
 Property Num  :8965 Location Code :  Gateway Code :						     05-JUN-09
 Property Num  :8968 Location Code :  Gateway Code :						     05-JUN-09
 Property Num  :8974 Location Code : 2055 Gateway Code :					     05-JUN-09
 Property Num  :8978 Location Code : 2207 Gateway Code :					     05-JUN-09
 Property Num  :8989 Location Code :  Gateway Code :						     05-JUN-09
 Property Num  :8996 Location Code :  Gateway Code :						     05-JUN-09
 Property Num  :9013 Location Code : 2094 Gateway Code :					     05-JUN-09
 Property Num  :9015 Location Code :  Gateway Code :						     05-JUN-09
 Property Num  :9021 Location Code : 2211 Gateway Code :					     05-JUN-09

Cannot Load - Missing Prop									     Date of e
---------------------------------------------------------------------------------------------------- ---------
 Property Num  :9033 Location Code :  Gateway Code :						     05-JUN-09
 Property Num  :9044 Location Code : 2210 Gateway Code :					     05-JUN-09
 Property Num  :9046 Location Code : 2210 Gateway Code :					     05-JUN-09
 Property Num  :9073 Location Code :  Gateway Code :						     05-JUN-09
 Property Num  :9079 Location Code :  Gateway Code :						     05-JUN-09
 Property Num  :9080 Location Code : 2215 Gateway Code :					     05-JUN-09
 Property Num  :9095 Location Code : 2222 Gateway Code :					     05-JUN-09
 Property Num  :9096 Location Code : 2219 Gateway Code :					     05-JUN-09
 Property Num  :9098 Location Code : 2220 Gateway Code :					     05-JUN-09
 Property Num  :9112 Location Code :  Gateway Code :						     05-JUN-09
 Property Num  :9120 Location Code : 2216 Gateway Code :					     05-JUN-09
 Property Num  :9160 Location Code : 2214 Gateway Code :					     05-JUN-09
 Property Num  :9162 Location Code :  Gateway Code :						     05-JUN-09
 Property Num  :9169 Location Code : 2221 Gateway Code :					     05-JUN-09
 Property Num  :9174 Location Code : 2221 Gateway Code :					     05-JUN-09
 Property Num  :9179 Location Code : 2211 Gateway Code :					     05-JUN-09
 Property Num  :9186 Location Code : 2210 Gateway Code :					     05-JUN-09
 Property Num  :9199 Location Code : 2217 Gateway Code :					     05-JUN-09
 Property Num  :9202 Location Code : 2224 Gateway Code :					     05-JUN-09
 Property Num  :9217 Location Code :  Gateway Code :						     05-JUN-09
 Property Num  :9241 Location Code :  Gateway Code :						     05-JUN-09
 Property Num  :9243 Location Code :  Gateway Code :						     05-JUN-09
 Property Num  :9256 Location Code :  Gateway Code :						     05-JUN-09
 Property Num  :9257 Location Code :  Gateway Code :						     05-JUN-09
 Property Num  :9259 Location Code :  Gateway Code :						     05-JUN-09
 Property Num  :9265 Location Code :  Gateway Code :						     05-JUN-09
 Property Num  :9268 Location Code :  Gateway Code :						     05-JUN-09
 Property Num  :9273 Location Code :  Gateway Code :						     05-JUN-09
 Property Num  :9274 Location Code :  Gateway Code :						     05-JUN-09
 Property Num  :9280 Location Code :  Gateway Code :						     05-JUN-09
 Property Num  :9290 Location Code :  Gateway Code :						     05-JUN-09
 Property Num  :9319 Location Code :  Gateway Code :						     05-JUN-09
 Property Num  :9321 Location Code :  Gateway Code :						     05-JUN-09
 Property Num  :9334 Location Code :  Gateway Code :						     05-JUN-09
 Property Num  :9343 Location Code :  Gateway Code :						     05-JUN-09
 Property Num  :9407 Location Code :  Gateway Code :						     05-JUN-09
 Property Num  :9408 Location Code :  Gateway Code :						     05-JUN-09
 Property Num  :9418 Location Code : 2113 Gateway Code :					     05-JUN-09
 Property Num  :9435 Location Code :  Gateway Code :						     05-JUN-09
 Property Num  :9437 Location Code :  Gateway Code :						     05-JUN-09
 Property Num  :9446 Location Code :  Gateway Code :						     05-JUN-09
 Property Num  :9467 Location Code : 2055 Gateway Code :					     05-JUN-09
 Property Num  :9515 Location Code :  Gateway Code :						     05-JUN-09
 Property Num  :9529 Location Code :  Gateway Code :						     05-JUN-09
 Property Num  :9542 Location Code :  Gateway Code :						     05-JUN-09
 Property Num  :9551 Location Code :  Gateway Code :						     05-JUN-09
 Property Num  :9553 Location Code :  Gateway Code :						     05-JUN-09
 Property Num  :9554 Location Code :  Gateway Code :						     05-JUN-09
 Property Num  :9557 Location Code :  Gateway Code :						     05-JUN-09
 Property Num  :9562 Location Code :  Gateway Code :						     05-JUN-09
 Property Num  :9571 Location Code : 2188 Gateway Code :					     05-JUN-09
 Property Num  :9645 Location Code :  Gateway Code :						     05-JUN-09
 Property Num  :9672 Location Code :  Gateway Code :						     05-JUN-09
 Property Num  :9705 Location Code :  Gateway Code :						     05-JUN-09
 Property Num  :9709 Location Code :  Gateway Code :						     05-JUN-09
 Property Num  :9715 Location Code :  Gateway Code :						     05-JUN-09
 Property Num  :9730 Location Code :  Gateway Code :						     05-JUN-09
 Property Num  :9731 Location Code :  Gateway Code :						     05-JUN-09
 Property Num  :9732 Location Code :  Gateway Code :						     05-JUN-09
 Property Num  :9735 Location Code :  Gateway Code :						     05-JUN-09
 Property Num  :9736 Location Code :  Gateway Code :						     05-JUN-09
 Property Num  :9737 Location Code :  Gateway Code :						     05-JUN-09
 Property Num  :9739 Location Code :  Gateway Code :						     05-JUN-09
 Property Num  :9744 Location Code :  Gateway Code :						     05-JUN-09
 Property Num  :9745 Location Code :  Gateway Code :						     05-JUN-09
 Property Num  :9748 Location Code :  Gateway Code :						     05-JUN-09
 Property Num  :9757 Location Code :  Gateway Code :						     05-JUN-09
 Property Num  :9763 Location Code :  Gateway Code :						     05-JUN-09
 Property Num  :9766 Location Code :  Gateway Code :						     05-JUN-09
 Property Num  :9770 Location Code :  Gateway Code :						     05-JUN-09
 Property Num  :9771 Location Code :  Gateway Code :						     05-JUN-09
 Property Num  :9775 Location Code :  Gateway Code :						     05-JUN-09
 Property Num  :9776 Location Code :  Gateway Code :						     05-JUN-09
 Property Num  :9778 Location Code :  Gateway Code :						     05-JUN-09
 Property Num  :9779 Location Code :  Gateway Code :						     05-JUN-09
 Property Num  :9780 Location Code :  Gateway Code :						     05-JUN-09
 Property Num  :9786 Location Code :  Gateway Code :						     05-JUN-09
 Property Num  :9800 Location Code :  Gateway Code :						     05-JUN-09
 Property Num  :9805 Location Code :  Gateway Code :						     05-JUN-09
 Property Num  :9814 Location Code :  Gateway Code :						     05-JUN-09
 Property Num  :9818 Location Code :  Gateway Code :						     05-JUN-09
 Property Num  :9819 Location Code :  Gateway Code :						     05-JUN-09
 Property Num  :9823 Location Code :  Gateway Code :						     05-JUN-09
 Property Num  :9824 Location Code :  Gateway Code :						     05-JUN-09
 Property Num  :9825 Location Code :  Gateway Code :						     05-JUN-09
 Property Num  :9831 Location Code :  Gateway Code :						     05-JUN-09
 Property Num  :9835 Location Code :  Gateway Code :						     05-JUN-09
 Property Num  :9842 Location Code :  Gateway Code :						     05-JUN-09
 Property Num  :9846 Location Code :  Gateway Code :						     05-JUN-09
 Property Num  :9850 Location Code :  Gateway Code :						     05-JUN-09
 Property Num  :9851 Location Code :  Gateway Code :						     05-JUN-09
 Property Num  :9852 Location Code :  Gateway Code :						     05-JUN-09
 Property Num  :9869 Location Code :  Gateway Code :						     05-JUN-09
 Property Num  :9881 Location Code :  Gateway Code :						     05-JUN-09
 Property Num  :9882 Location Code :  Gateway Code :						     05-JUN-09
 Property Num  :9883 Location Code :  Gateway Code :						     05-JUN-09
 Property Num  :9885 Location Code :  Gateway Code :						     05-JUN-09

Cannot Load - Missing Prop									     Date of e
---------------------------------------------------------------------------------------------------- ---------
 Property Num  :9886 Location Code :  Gateway Code :						     05-JUN-09
 Property Num  :9893 Location Code :  Gateway Code :						     05-JUN-09
 Property Num  :9899 Location Code : 2025 Gateway Code :					     05-JUN-09
 Property Num  :9935 Location Code :  Gateway Code :						     05-JUN-09
 Property Num  :9949 Location Code :  Gateway Code :						     05-JUN-09
 Property Num  :9950 Location Code :  Gateway Code :						     05-JUN-09
 Property Num  :9953 Location Code :  Gateway Code :						     05-JUN-09
 Property Num  :9975 Location Code :  Gateway Code :						     05-JUN-09
 Property Num  :9991 Location Code : 2223 Gateway Code :					     05-JUN-09
Error at 100 - Booking RefA216504 Season:S09 BookingSeqNum: 267711345 Property Num: 12312	     03-JUN-09
Error at 100 - Booking RefA224983 Season:S09 BookingSeqNum: 268192617 Property Num: 12573	     05-JUN-09
Error at 100 - Booking RefA247335 Season:S09 BookingSeqNum: 268192631 Property Num: 13404	     05-JUN-09
Error at 100 - Booking RefD193363 Season:S09 BookingSeqNum: 267711373 Property Num: 10424	     03-JUN-09
Error at 100 - Booking RefD193367 Season:S09 BookingSeqNum: 267711374 Property Num: 10424	     03-JUN-09
Error at 100 - Booking RefJ185752 Season:S09 BookingSeqNum: 267711392 Property Num: 10424	     03-JUN-09
Error at 100 - Booking RefJ185782 Season:S09 BookingSeqNum: 267711393 Property Num: 10424	     03-JUN-09
Error at 100 - Booking RefJ185793 Season:S09 BookingSeqNum: 267711394 Property Num: 10424	     03-JUN-09
Error at 100 - Booking RefJ185951 Season:S09 BookingSeqNum: 267711395 Property Num: 10424	     03-JUN-09
Error at 100 - Booking RefJ186369 Season:S09 BookingSeqNum: 263817326 Property Num: 12808	     05-JUN-09
Error at 100 - Booking RefJ186378 Season:S09 BookingSeqNum: 263817327 Property Num: 12808	     03-JUN-09
Error at 100 - Booking RefJ186578 Season:S09 BookingSeqNum: 265781065 Property Num: 10424	     05-JUN-09
Error at 100 - Booking RefJ186589 Season:S09 BookingSeqNum: 267711397 Property Num: 10424	     03-JUN-09
Error at 100 - Booking RefJ186902 Season:S09 BookingSeqNum: 262596081 Property Num: 12808	     05-JUN-09
Error at 100 - Booking RefJ186949 Season:S09 BookingSeqNum: 264795338 Property Num: 12808	     05-JUN-09
Error at 100 - Booking RefJ186963 Season:S09 BookingSeqNum: 264795339 Property Num: 12808	     05-JUN-09
Error at 100 - Booking RefJ186975 Season:S09 BookingSeqNum: 264795340 Property Num: 12808	     05-JUN-09
Error at 100 - Booking RefJ186987 Season:S09 BookingSeqNum: 264795341 Property Num: 12808	     05-JUN-09
Error at 100 - Booking RefJ187046 Season:S09 BookingSeqNum: 264795342 Property Num: 12808	     05-JUN-09
Error at 100 - Booking RefJ187836 Season:S09 BookingSeqNum: 263156799 Property Num: 10421	     05-JUN-09
Error at 100 - Booking RefJ187836 Season:S09 BookingSeqNum: 263156799 Property Num: 10424	     05-JUN-09
Error at 100 - Booking RefJ187931 Season:S09 BookingSeqNum: 263817333 Property Num: 12808	     03-JUN-09
Error at 100 - Booking RefJ187951 Season:S09 BookingSeqNum: 267711398 Property Num: 10424	     05-JUN-09
Error at 100 - Booking RefJ189317 Season:S09 BookingSeqNum: 263817346 Property Num: 12808	     03-JUN-09
Error at 100 - Booking RefJ189326 Season:S09 BookingSeqNum: 267211916 Property Num: 12808	     03-JUN-09
Error at 100 - Booking RefJ189332 Season:S09 BookingSeqNum: 263817347 Property Num: 12808	     03-JUN-09
Error at 100 - Booking RefJ189409 Season:S09 BookingSeqNum: 263156818 Property Num: 10421	     03-JUN-09
Error at 100 - Booking RefJ189409 Season:S09 BookingSeqNum: 263156818 Property Num: 10424	     03-JUN-09
Error at 100 - Booking RefJ190099 Season:S09 BookingSeqNum: 257321957 Property Num: 10421	     03-JUN-09
Error at 100 - Booking RefJ190099 Season:S09 BookingSeqNum: 257321957 Property Num: 10424	     03-JUN-09
Error at 100 - Booking RefJ190613 Season:S09 BookingSeqNum: 263156821 Property Num: 10421	     05-JUN-09
Error at 100 - Booking RefJ190613 Season:S09 BookingSeqNum: 263156821 Property Num: 10424	     05-JUN-09
Error at 100 - Booking RefJ190680 Season:S09 BookingSeqNum: 267711400 Property Num: 10424	     03-JUN-09
Error at 100 - Booking RefJ190714 Season:S09 BookingSeqNum: 267711401 Property Num: 10424	     03-JUN-09
Error at 100 - Booking RefJ192693 Season:S09 BookingSeqNum: 264795358 Property Num: 12808	     05-JUN-09
Error at 100 - Booking RefJ192717 Season:S09 BookingSeqNum: 264795359 Property Num: 12808	     05-JUN-09
Error at 100 - Booking RefJ193679 Season:S09 BookingSeqNum: 264795360 Property Num: 12808	     05-JUN-09
Error at 100 - Booking RefJ193701 Season:S09 BookingSeqNum: 264795361 Property Num: 12808	     05-JUN-09
Error at 100 - Booking RefJ194588 Season:S09 BookingSeqNum: 263156823 Property Num: 10421	     05-JUN-09
Error at 100 - Booking RefJ194588 Season:S09 BookingSeqNum: 263156823 Property Num: 10424	     05-JUN-09
Error at 100 - Booking RefJ194695 Season:S09 BookingSeqNum: 267711404 Property Num: 10424	     03-JUN-09
Error at 100 - Booking RefJ195283 Season:S09 BookingSeqNum: 267711406 Property Num: 10424	     05-JUN-09
Error at 100 - Booking RefJ199885 Season:S09 BookingSeqNum: 267711407 Property Num: 12808	     03-JUN-09
Error at 100 - Booking RefJ200175 Season:S09 BookingSeqNum: 264795364 Property Num: 12808	     05-JUN-09
Error at 100 - Booking RefJ200565 Season:S09 BookingSeqNum: 264795365 Property Num: 12808	     05-JUN-09
Error at 100 - Booking RefJ201251 Season:S09 BookingSeqNum: 263156827 Property Num: 10421	     05-JUN-09
Error at 100 - Booking RefJ201251 Season:S09 BookingSeqNum: 263156827 Property Num: 10424	     05-JUN-09
Error at 100 - Booking RefJ202213 Season:S09 BookingSeqNum: 264795366 Property Num: 12808	     05-JUN-09
Error at 100 - Booking RefJ203516 Season:S09 BookingSeqNum: 267711409 Property Num: 10424	     03-JUN-09
Error at 100 - Booking RefJ206299 Season:S09 BookingSeqNum: 262596097 Property Num: 10424	     05-JUN-09
Error at 100 - Booking RefJ206343 Season:S09 BookingSeqNum: 266748500 Property Num: 12808	     03-JUN-09
Error at 100 - Booking RefJ206376 Season:S09 BookingSeqNum: 262596098 Property Num: 10424	     03-JUN-09
Error at 100 - Booking RefJ207328 Season:S09 BookingSeqNum: 267711410 Property Num: 10424	     05-JUN-09
Error at 100 - Booking RefJ209764 Season:S09 BookingSeqNum: 262892406 Property Num: 12808	     03-JUN-09
Error at 100 - Booking RefJ211609 Season:S09 BookingSeqNum: 262596102 Property Num: 12808	     03-JUN-09
Error at 100 - Booking RefJ215838 Season:S09 BookingSeqNum: 262596110 Property Num: 10424	     03-JUN-09
Error at 100 - Booking RefJ217324 Season:S09 BookingSeqNum: 267711417 Property Num: 10424	     03-JUN-09
Error at 100 - Booking RefJ217789 Season:S09 BookingSeqNum: 267711418 Property Num: 12808	     05-JUN-09
Error at 100 - Booking RefJ217852 Season:S09 BookingSeqNum: 262596115 Property Num: 12808	     03-JUN-09
Error at 100 - Booking RefJ218654 Season:S09 BookingSeqNum: 267711420 Property Num: 12808	     03-JUN-09
Error at 100 - Booking RefJ218781 Season:S09 BookingSeqNum: 263817365 Property Num: 12808	     03-JUN-09
Error at 100 - Booking RefJ222431 Season:S09 BookingSeqNum: 263817370 Property Num: 12808	     05-JUN-09
Error at 100 - Booking RefJ224539 Season:S09 BookingSeqNum: 267711422 Property Num: 12808	     03-JUN-09
Error at 100 - Booking RefJ226255 Season:S09 BookingSeqNum: 262596121 Property Num: 12808	     03-JUN-09
Error at 100 - Booking RefJ230000 Season:S09 BookingSeqNum: 262596122 Property Num: 10424	     03-JUN-09
Error at 100 - Booking RefJ236757 Season:S09 BookingSeqNum: 262596124 Property Num: 10424	     03-JUN-09
Error at 100 - Booking RefJ237120 Season:S09 BookingSeqNum: 267711427 Property Num: 10424	     05-JUN-09
Error at 100 - Booking RefJ237386 Season:S09 BookingSeqNum: 263156852 Property Num: 10421	     03-JUN-09
Error at 100 - Booking RefJ237386 Season:S09 BookingSeqNum: 263156852 Property Num: 10424	     03-JUN-09
Error at 100 - Booking RefJ238775 Season:S09 BookingSeqNum: 266748502 Property Num: 12808	     03-JUN-09
Error at 100 - Booking RefJ244573 Season:S09 BookingSeqNum: 267711428 Property Num: 10424	     03-JUN-09
Error at 100 - Booking RefJ246539 Season:S09 BookingSeqNum: 268192104 Property Num: 10424	     05-JUN-09
Error at 100 - Booking RefJ246544 Season:S09 BookingSeqNum: 268192105 Property Num: 10421	     05-JUN-09
Error at 100 - Booking RefJ246544 Season:S09 BookingSeqNum: 268192105 Property Num: 10424	     05-JUN-09
Error at 100 - Booking RefL214808 Season:S09 BookingSeqNum: 268192180 Property Num: 12221	     05-JUN-09
Error at 100 - Booking RefU194284 Season:S09 BookingSeqNum: 260157774 Property Num: 9991	     03-JUN-09
Error at 100 - Booking RefU202266 Season:S09 BookingSeqNum: 265274642 Property Num: 10764	     05-JUN-09
Error at 100 - Booking RefU246285 Season:S09 BookingSeqNum: 267711283 Property Num: 13361	     05-JUN-09
Error at 100 - Booking RefW184623 Season:S09 BookingSeqNum: 268192543 Property Num: 10672	     05-JUN-09
Error at 100 - Booking RefW245859 Season:S09 BookingSeqNum: 268192580 Property Num: 13350	     05-JUN-09
